Archive member included to satisfy reference by file (symbol)

c:/opt/ac6/systemworkbench/plugins/fr.ac6.mcu.externaltools.arm-none.win32_1.15.0.201708311556/tools/compiler/bin/../lib/gcc/arm-none-eabi/6.3.1/thumb/v7-m\libgcc.a(_arm_addsubdf3.o)
                              src/adc.o (__aeabi_f2d)
c:/opt/ac6/systemworkbench/plugins/fr.ac6.mcu.externaltools.arm-none.win32_1.15.0.201708311556/tools/compiler/bin/../lib/gcc/arm-none-eabi/6.3.1/thumb/v7-m\libgcc.a(_arm_muldivdf3.o)
                              src/adc.o (__aeabi_dmul)
c:/opt/ac6/systemworkbench/plugins/fr.ac6.mcu.externaltools.arm-none.win32_1.15.0.201708311556/tools/compiler/bin/../lib/gcc/arm-none-eabi/6.3.1/thumb/v7-m\libgcc.a(_arm_fixdfsi.o)
                              src/ds18b20.o (__aeabi_d2iz)
c:/opt/ac6/systemworkbench/plugins/fr.ac6.mcu.externaltools.arm-none.win32_1.15.0.201708311556/tools/compiler/bin/../lib/gcc/arm-none-eabi/6.3.1/thumb/v7-m\libgcc.a(_arm_truncdfsf2.o)
                              src/adc.o (__aeabi_d2f)
c:/opt/ac6/systemworkbench/plugins/fr.ac6.mcu.externaltools.arm-none.win32_1.15.0.201708311556/tools/compiler/bin/../lib/gcc/arm-none-eabi/6.3.1/thumb/v7-m\libgcc.a(_arm_addsubsf3.o)
                              src/adc.o (__aeabi_ui2f)
c:/opt/ac6/systemworkbench/plugins/fr.ac6.mcu.externaltools.arm-none.win32_1.15.0.201708311556/tools/compiler/bin/../lib/gcc/arm-none-eabi/6.3.1/thumb/v7-m\libgcc.a(_arm_muldivsf3.o)
                              src/adc.o (__aeabi_fmul)
c:/opt/ac6/systemworkbench/plugins/fr.ac6.mcu.externaltools.arm-none.win32_1.15.0.201708311556/tools/compiler/bin/../lib/gcc/arm-none-eabi/6.3.1/thumb/v7-m\libgcc.a(_arm_cmpsf2.o)
                              src/adc.o (__aeabi_fcmplt)
c:/opt/ac6/systemworkbench/plugins/fr.ac6.mcu.externaltools.arm-none.win32_1.15.0.201708311556/tools/compiler/bin/../lib/gcc/arm-none-eabi/6.3.1/thumb/v7-m\libgcc.a(_arm_fixsfsi.o)
                              src/adc.o (__aeabi_f2iz)
c:/opt/ac6/systemworkbench/plugins/fr.ac6.mcu.externaltools.arm-none.win32_1.15.0.201708311556/tools/compiler/bin/../lib/gcc/arm-none-eabi/6.3.1/../../../../arm-none-eabi/lib/thumb/v7-m\libc.a(lib_a-errno.o)
                              src/syscalls.o (__errno)
c:/opt/ac6/systemworkbench/plugins/fr.ac6.mcu.externaltools.arm-none.win32_1.15.0.201708311556/tools/compiler/bin/../lib/gcc/arm-none-eabi/6.3.1/../../../../arm-none-eabi/lib/thumb/v7-m\libc.a(lib_a-exit.o)
                              c:/opt/ac6/systemworkbench/plugins/fr.ac6.mcu.externaltools.arm-none.win32_1.15.0.201708311556/tools/compiler/bin/../lib/gcc/arm-none-eabi/6.3.1/../../../../arm-none-eabi/lib/thumb/v7-m/crt0.o (exit)
c:/opt/ac6/systemworkbench/plugins/fr.ac6.mcu.externaltools.arm-none.win32_1.15.0.201708311556/tools/compiler/bin/../lib/gcc/arm-none-eabi/6.3.1/../../../../arm-none-eabi/lib/thumb/v7-m\libc.a(lib_a-impure.o)
                              c:/opt/ac6/systemworkbench/plugins/fr.ac6.mcu.externaltools.arm-none.win32_1.15.0.201708311556/tools/compiler/bin/../lib/gcc/arm-none-eabi/6.3.1/../../../../arm-none-eabi/lib/thumb/v7-m\libc.a(lib_a-exit.o) (_global_impure_ptr)
c:/opt/ac6/systemworkbench/plugins/fr.ac6.mcu.externaltools.arm-none.win32_1.15.0.201708311556/tools/compiler/bin/../lib/gcc/arm-none-eabi/6.3.1/../../../../arm-none-eabi/lib/thumb/v7-m\libc.a(lib_a-init.o)
                              c:/opt/ac6/systemworkbench/plugins/fr.ac6.mcu.externaltools.arm-none.win32_1.15.0.201708311556/tools/compiler/bin/../lib/gcc/arm-none-eabi/6.3.1/../../../../arm-none-eabi/lib/thumb/v7-m/crt0.o (__libc_init_array)
c:/opt/ac6/systemworkbench/plugins/fr.ac6.mcu.externaltools.arm-none.win32_1.15.0.201708311556/tools/compiler/bin/../lib/gcc/arm-none-eabi/6.3.1/../../../../arm-none-eabi/lib/thumb/v7-m\libc.a(lib_a-memcpy.o)
                              src/ds18b20.o (memcpy)
c:/opt/ac6/systemworkbench/plugins/fr.ac6.mcu.externaltools.arm-none.win32_1.15.0.201708311556/tools/compiler/bin/../lib/gcc/arm-none-eabi/6.3.1/../../../../arm-none-eabi/lib/thumb/v7-m\libc.a(lib_a-memset.o)
                              c:/opt/ac6/systemworkbench/plugins/fr.ac6.mcu.externaltools.arm-none.win32_1.15.0.201708311556/tools/compiler/bin/../lib/gcc/arm-none-eabi/6.3.1/../../../../arm-none-eabi/lib/thumb/v7-m/crt0.o (memset)
c:/opt/ac6/systemworkbench/plugins/fr.ac6.mcu.externaltools.arm-none.win32_1.15.0.201708311556/tools/compiler/bin/../lib/gcc/arm-none-eabi/6.3.1/../../../../arm-none-eabi/lib/thumb/v7-m\libc.a(lib_a-printf.o)
                              src/main.o (printf)
c:/opt/ac6/systemworkbench/plugins/fr.ac6.mcu.externaltools.arm-none.win32_1.15.0.201708311556/tools/compiler/bin/../lib/gcc/arm-none-eabi/6.3.1/../../../../arm-none-eabi/lib/thumb/v7-m\libc.a(lib_a-vfprintf.o)
[...]
Memory Configuration

Name             Origin             Length             Attributes
RAM              0x20000000         0x00010000         xrw
ROM              0x08000000         0x00080000         xr
*default*        0x00000000         0xffffffff

Linker script and memory map

LOAD c:/opt/ac6/systemworkbench/plugins/fr.ac6.mcu.externaltools.arm-none.win32_1.15.0.201708311556/tools/compiler/bin/../lib/gcc/arm-none-eabi/6.3.1/thumb/v7-m/crti.o
LOAD c:/opt/ac6/systemworkbench/plugins/fr.ac6.mcu.externaltools.arm-none.win32_1.15.0.201708311556/tools/compiler/bin/../lib/gcc/arm-none-eabi/6.3.1/thumb/v7-m/crtbegin.o
LOAD c:/opt/ac6/systemworkbench/plugins/fr.ac6.mcu.externaltools.arm-none.win32_1.15.0.201708311556/tools/compiler/bin/../lib/gcc/arm-none-eabi/6.3.1/../../../../arm-none-eabi/lib/thumb/v7-m/crt0.o
LOAD CMSIS/core/core_cm3.o
LOAD StdPeriph_Driver/src/misc.o
LOAD StdPeriph_Driver/src/stm32f10x_adc.o
LOAD StdPeriph_Driver/src/stm32f10x_bkp.o
LOAD StdPeriph_Driver/src/stm32f10x_can.o
LOAD StdPeriph_Driver/src/stm32f10x_cec.o
LOAD StdPeriph_Driver/src/stm32f10x_crc.o
LOAD StdPeriph_Driver/src/stm32f10x_dac.o
LOAD StdPeriph_Driver/src/stm32f10x_dbgmcu.o
LOAD StdPeriph_Driver/src/stm32f10x_dma.o
LOAD StdPeriph_Driver/src/stm32f10x_exti.o
LOAD StdPeriph_Driver/src/stm32f10x_flash.o
LOAD StdPeriph_Driver/src/stm32f10x_fsmc.o
LOAD StdPeriph_Driver/src/stm32f10x_gpio.o
LOAD StdPeriph_Driver/src/stm32f10x_i2c.o
LOAD StdPeriph_Driver/src/stm32f10x_iwdg.o
LOAD StdPeriph_Driver/src/stm32f10x_pwr.o
LOAD StdPeriph_Driver/src/stm32f10x_rcc.o
LOAD StdPeriph_Driver/src/stm32f10x_rtc.o
LOAD StdPeriph_Driver/src/stm32f10x_sdio.o
LOAD StdPeriph_Driver/src/stm32f10x_spi.o
LOAD StdPeriph_Driver/src/stm32f10x_tim.o
LOAD StdPeriph_Driver/src/stm32f10x_usart.o
LOAD StdPeriph_Driver/src/stm32f10x_wwdg.o
LOAD src/adc.o
LOAD src/delay.o
LOAD src/dht11.o
LOAD src/ds18b20.o
LOAD src/main.o
LOAD src/sys.o
LOAD src/syscalls.o
LOAD src/system_stm32f10x.o
LOAD src/timer.o
LOAD src/uart.o
LOAD startup/startup_stm32.o
LOAD c:/opt/ac6/systemworkbench/plugins/fr.ac6.mcu.externaltools.arm-none.win32_1.15.0.201708311556/tools/compiler/bin/../lib/gcc/arm-none-eabi/6.3.1/../../../../arm-none-eabi/lib/thumb/v7-m\libm.a
START GROUP
LOAD c:/opt/ac6/systemworkbench/plugins/fr.ac6.mcu.externaltools.arm-none.win32_1.15.0.201708311556/tools/compiler/bin/../lib/gcc/arm-none-eabi/6.3.1/thumb/v7-m\libgcc.a
LOAD c:/opt/ac6/systemworkbench/plugins/fr.ac6.mcu.externaltools.arm-none.win32_1.15.0.201708311556/tools/compiler/bin/../lib/gcc/arm-none-eabi/6.3.1/../../../../arm-none-eabi/lib/thumb/v7-m\libc.a
END GROUP
LOAD c:/opt/ac6/systemworkbench/plugins/fr.ac6.mcu.externaltools.arm-none.win32_1.15.0.201708311556/tools/compiler/bin/../lib/gcc/arm-none-eabi/6.3.1/thumb/v7-m/crtend.o
LOAD c:/opt/ac6/systemworkbench/plugins/fr.ac6.mcu.externaltools.arm-none.win32_1.15.0.201708311556/tools/compiler/bin/../lib/gcc/arm-none-eabi/6.3.1/thumb/v7-m/crtn.o
                0x20010000                _estack = 0x20010000
                0x00000000                _Min_Heap_Size = 0x0
                0x00000400                _Min_Stack_Size = 0x400

.isr_vector     0x08000000      0x130
                0x08000000                . = ALIGN (0x4)
 *(.isr_vector)
 .isr_vector    0x08000000      0x130 startup/startup_stm32.o
                0x08000000                g_pfnVectors
                0x08000130                . = ALIGN (0x4)

.text           0x08000130     0x978c
                0x08000130                . = ALIGN (0x4)
 *(.text)
 .text          0x08000130       0x6c c:/opt/ac6/systemworkbench/plugins/fr.ac6.mcu.externaltools.arm-none.win32_1.15.0.201708311556/tools/compiler/bin/../lib/gcc/arm-none-eabi/6.3.1/thumb/v7-m/crtbegin.o
 .text          0x0800019c      0x370 c:/opt/ac6/systemworkbench/plugins/fr.ac6.mcu.externaltools.arm-none.win32_1.15.0.201708311556/tools/compiler/bin/../lib/gcc/arm-none-eabi/6.3.1/thumb/v7-m\libgcc.a(_arm_addsubdf3.o)
                0x0800019c                __aeabi_drsub
                0x080001a4                __aeabi_dsub
                0x080001a4                __subdf3
                0x080001a8                __aeabi_dadd
                0x080001a8                __adddf3
                0x08000420                __floatunsidf
                0x08000420                __aeabi_ui2d
                0x08000440                __floatsidf
                0x08000440                __aeabi_i2d
                0x08000464                __aeabi_f2d
                0x08000464                __extendsfdf2
                0x080004a0                __floatundidf
                0x080004a0                __aeabi_ul2d
                0x080004b0                __floatdidf
                0x080004b0                __aeabi_l2d
 .text          0x0800050c      0x424 c:/opt/ac6/systemworkbench/plugins/fr.ac6.mcu.externaltools.arm-none.win32_1.15.0.201708311556/tools/compiler/bin/../lib/gcc/arm-none-eabi/6.3.1/thumb/v7-m\libgcc.a(_arm_muldivdf3.o)
                0x0800050c                __aeabi_dmul
                0x0800050c                __muldf3
                0x08000760                __divdf3
                0x08000760                __aeabi_ddiv
 .text          0x08000930       0x50 c:/opt/ac6/systemworkbench/plugins/fr.ac6.mcu.externaltools.arm-none.win32_1.15.0.201708311556/tools/compiler/bin/../lib/gcc/arm-none-eabi/6.3.1/thumb/v7-m\libgcc.a(_arm_fixdfsi.o)
                0x08000930                __aeabi_d2iz
                0x08000930                __fixdfsi
 .text          0x08000980       0xa0 c:/opt/ac6/systemworkbench/plugins/fr.ac6.mcu.externaltools.arm-none.win32_1.15.0.201708311556/tools/compiler/bin/../lib/gcc/arm-none-eabi/6.3.1/thumb/v7-m\libgcc.a(_arm_truncdfsf2.o)
                0x08000980                __truncdfsf2
                0x08000980                __aeabi_d2f
 .text          0x08000a20      0x21c c:/opt/ac6/systemworkbench/plugins/fr.ac6.mcu.externaltools.arm-none.win32_1.15.0.201708311556/tools/compiler/bin/../lib/gcc/arm-none-eabi/6.3.1/thumb/v7-m\libgcc.a(_arm_addsubsf3.o)
                0x08000a20                __aeabi_frsub
                0x08000a28                __subsf3
                0x08000a28                __aeabi_fsub
                0x08000a2c                __aeabi_fadd
                0x08000a2c                __addsf3
                0x08000b8c                __aeabi_ui2f
                0x08000b8c                __floatunsisf
                0x08000b94                __aeabi_i2f
                0x08000b94                __floatsisf
                0x08000bb0                __aeabi_ul2f
                0x08000bb0                __floatundisf
                0x08000bc0                __aeabi_l2f
                0x08000bc0                __floatdisf
 .text          0x08000c3c      0x2a0 c:/opt/ac6/systemworkbench/plugins/fr.ac6.mcu.externaltools.arm-none.win32_1.15.0.201708311556/tools/compiler/bin/../lib/gcc/arm-none-eabi/6.3.1/thumb/v7-m\libgcc.a(_arm_muldivsf3.o)
                0x08000c3c                __mulsf3
                0x08000c3c                __aeabi_fmul
                0x08000da4                __aeabi_fdiv
                0x08000da4                __divsf3
 .text          0x08000edc       0xec c:/opt/ac6/systemworkbench/plugins/fr.ac6.mcu.externaltools.arm-none.win32_1.15.0.201708311556/tools/compiler/bin/../lib/gcc/arm-none-eabi/6.3.1/thumb/v7-m\libgcc.a(_arm_cmpsf2.o)
                0x08000edc                __gesf2
                0x08000edc                __gtsf2
                0x08000ee4                __lesf2
                0x08000ee4                __ltsf2
                0x08000eec                __nesf2
                0x08000eec                __eqsf2
                0x08000eec                __cmpsf2
                0x08000f4c                __aeabi_cfrcmple
                0x08000f54                __aeabi_cfcmpeq
                0x08000f54                __aeabi_cfcmple
                0x08000f64                __aeabi_fcmpeq
                0x08000f78                __aeabi_fcmplt
                0x08000f8c                __aeabi_fcmple
                0x08000fa0                __aeabi_fcmpge
                0x08000fb4                __aeabi_fcmpgt
 .text          0x08000fc8       0x4c c:/opt/ac6/systemworkbench/plugins/fr.ac6.mcu.externaltools.arm-none.win32_1.15.0.201708311556/tools/compiler/bin/../lib/gcc/arm-none-eabi/6.3.1/thumb/v7-m\libgcc.a(_arm_fixsfsi.o)
                0x08000fc8                __aeabi_f2iz
                0x08000fc8                __fixsfsi
 .text          0x08001014       0xec c:/opt/ac6/systemworkbench/plugins/fr.ac6.mcu.externaltools.arm-none.win32_1.15.0.201708311556/tools/compiler/bin/../lib/gcc/arm-none-eabi/6.3.1/../../../../arm-none-eabi/lib/thumb/v7-m\libc.a(lib_a-memcpy.o)
                0x08001014                memcpy
 .text          0x08001100      0x110 c:/opt/ac6/systemworkbench/plugins/fr.ac6.mcu.externaltools.arm-none.win32_1.15.0.201708311556/tools/compiler/bin/../lib/gcc/arm-none-eabi/6.3.1/thumb/v7-m\libgcc.a(_arm_cmpdf2.o)
                0x08001100                __gtdf2
                0x08001100                __gedf2
                0x08001108                __ltdf2
                0x08001108                __ledf2
                0x08001110                __nedf2
                0x08001110                __eqdf2
                0x08001110                __cmpdf2
                0x0800118c                __aeabi_cdrcmple
                0x0800119c                __aeabi_cdcmpeq
                0x0800119c                __aeabi_cdcmple
                0x080011ac                __aeabi_dcmpeq
                0x080011c0                __aeabi_dcmplt
                0x080011d4                __aeabi_dcmple
                0x080011e8                __aeabi_dcmpge
                0x080011fc                __aeabi_dcmpgt
 .text          0x08001210       0x2c c:/opt/ac6/systemworkbench/plugins/fr.ac6.mcu.externaltools.arm-none.win32_1.15.0.201708311556/tools/compiler/bin/../lib/gcc/arm-none-eabi/6.3.1/thumb/v7-m\libgcc.a(_arm_unorddf2.o)
                0x08001210                __unorddf2
                0x08001210                __aeabi_dcmpun
 .text          0x0800123c       0x30 c:/opt/ac6/systemworkbench/plugins/fr.ac6.mcu.externaltools.arm-none.win32_1.15.0.201708311556/tools/compiler/bin/../lib/gcc/arm-none-eabi/6.3.1/thumb/v7-m\libgcc.a(_aeabi_uldivmod.o)
                0x0800123c                __aeabi_uldivmod
 .text          0x0800126c      0x2dc c:/opt/ac6/systemworkbench/plugins/fr.ac6.mcu.externaltools.arm-none.win32_1.15.0.201708311556/tools/compiler/bin/../lib/gcc/arm-none-eabi/6.3.1/thumb/v7-m\libgcc.a(_udivmoddi4.o)
                0x0800126c                __udivmoddi4
 .text          0x08001548        0x4 c:/opt/ac6/systemworkbench/plugins/fr.ac6.mcu.externaltools.arm-none.win32_1.15.0.201708311556/tools/compiler/bin/../lib/gcc/arm-none-eabi/6.3.1/thumb/v7-m\libgcc.a(_dvmd_tls.o)
                0x08001548                __aeabi_idiv0
                0x08001548                __aeabi_ldiv0
 *(.text*)
 .text.NVIC_Init
                0x0800154c       0xc4 StdPeriph_Driver/src/misc.o
                0x0800154c                NVIC_Init
 .text.SysTick_CLKSourceConfig
                0x08001610       0x38 StdPeriph_Driver/src/misc.o
                0x08001610                SysTick_CLKSourceConfig
 .text.ADC_Init
                0x08001648       0xa4 StdPeriph_Driver/src/stm32f10x_adc.o
                0x08001648                ADC_Init
 .text.ADC_Cmd  0x080016ec       0x36 StdPeriph_Driver/src/stm32f10x_adc.o
                0x080016ec                ADC_Cmd
 .text.ADC_ResetCalibration
                0x08001722       0x1e StdPeriph_Driver/src/stm32f10x_adc.o
                0x08001722                ADC_ResetCalibration
 .text.ADC_GetResetCalibrationStatus
                0x08001740       0x2e StdPeriph_Driver/src/stm32f10x_adc.o
                0x08001740                ADC_GetResetCalibrationStatus
 .text.ADC_StartCalibration
                0x0800176e       0x1e StdPeriph_Driver/src/stm32f10x_adc.o
                0x0800176e                ADC_StartCalibration
 .text.ADC_GetCalibrationStatus
                0x0800178c       0x2e StdPeriph_Driver/src/stm32f10x_adc.o
                0x0800178c                ADC_GetCalibrationStatus
 .text.ADC_SoftwareStartConvCmd
                0x080017ba       0x36 StdPeriph_Driver/src/stm32f10x_adc.o
                0x080017ba                ADC_SoftwareStartConvCmd
 .text.ADC_RegularChannelConfig
                0x080017f0      0x192 StdPeriph_Driver/src/stm32f10x_adc.o
                0x080017f0                ADC_RegularChannelConfig
 .text.ADC_GetConversionValue
                0x08001982       0x18 StdPeriph_Driver/src/stm32f10x_adc.o
                0x08001982                ADC_GetConversionValue
 .text.ADC_GetFlagStatus
                0x0800199a       0x32 StdPeriph_Driver/src/stm32f10x_adc.o
                0x0800199a                ADC_GetFlagStatus
 .text.FLASH_SetLatency
                0x080019cc       0x38 StdPeriph_Driver/src/stm32f10x_flash.o
                0x080019cc                FLASH_SetLatency
 .text.FLASH_PrefetchBufferCmd
                0x08001a04       0x30 StdPeriph_Driver/src/stm32f10x_flash.o
                0x08001a04                FLASH_PrefetchBufferCmd
 .text.GPIO_Init
                0x08001a34      0x178 StdPeriph_Driver/src/stm32f10x_gpio.o
                0x08001a34                GPIO_Init
 .text.GPIO_ReadInputDataBit
                0x08001bac       0x32 StdPeriph_Driver/src/stm32f10x_gpio.o
                0x08001bac                GPIO_ReadInputDataBit
 .text.GPIO_SetBits
                0x08001bde       0x1c StdPeriph_Driver/src/stm32f10x_gpio.o
                0x08001bde                GPIO_SetBits
 .text.GPIO_ResetBits
                0x08001bfa       0x1c StdPeriph_Driver/src/stm32f10x_gpio.o
                0x08001bfa                GPIO_ResetBits
 *fill*         0x08001c16        0x2 
 .text.RCC_DeInit
                0x08001c18       0x5c StdPeriph_Driver/src/stm32f10x_rcc.o
                0x08001c18                RCC_DeInit
 .text.RCC_HSEConfig
                0x08001c74       0x5c StdPeriph_Driver/src/stm32f10x_rcc.o
                0x08001c74                RCC_HSEConfig
 .text.RCC_WaitForHSEStartUp
                0x08001cd0       0x50 StdPeriph_Driver/src/stm32f10x_rcc.o
                0x08001cd0                RCC_WaitForHSEStartUp
 .text.RCC_PLLConfig
                0x08001d20       0x3c StdPeriph_Driver/src/stm32f10x_rcc.o
                0x08001d20                RCC_PLLConfig
 .text.RCC_PLLCmd
                0x08001d5c       0x20 StdPeriph_Driver/src/stm32f10x_rcc.o
                0x08001d5c                RCC_PLLCmd
 .text.RCC_SYSCLKConfig
                0x08001d7c       0x38 StdPeriph_Driver/src/stm32f10x_rcc.o
                0x08001d7c                RCC_SYSCLKConfig
 .text.RCC_GetSYSCLKSource
                0x08001db4       0x1c StdPeriph_Driver/src/stm32f10x_rcc.o
                0x08001db4                RCC_GetSYSCLKSource
 .text.RCC_HCLKConfig
                0x08001dd0       0x38 StdPeriph_Driver/src/stm32f10x_rcc.o
                0x08001dd0                RCC_HCLKConfig
 .text.RCC_PCLK1Config
                0x08001e08       0x38 StdPeriph_Driver/src/stm32f10x_rcc.o
                0x08001e08                RCC_PCLK1Config
 .text.RCC_PCLK2Config
                0x08001e40       0x38 StdPeriph_Driver/src/stm32f10x_rcc.o
                0x08001e40                RCC_PCLK2Config
 .text.RCC_ADCCLKConfig
                0x08001e78       0x38 StdPeriph_Driver/src/stm32f10x_rcc.o
                0x08001e78                RCC_ADCCLKConfig
 .text.RCC_GetClocksFreq
                0x08001eb0      0x160 StdPeriph_Driver/src/stm32f10x_rcc.o
                0x08001eb0                RCC_GetClocksFreq
 .text.RCC_AHBPeriphClockCmd
                0x08002010       0x3c StdPeriph_Driver/src/stm32f10x_rcc.o
                0x08002010                RCC_AHBPeriphClockCmd
 .text.RCC_APB2PeriphClockCmd
                0x0800204c       0x3c StdPeriph_Driver/src/stm32f10x_rcc.o
                0x0800204c                RCC_APB2PeriphClockCmd
 .text.RCC_APB1PeriphClockCmd
                0x08002088       0x3c StdPeriph_Driver/src/stm32f10x_rcc.o
                0x08002088                RCC_APB1PeriphClockCmd
 .text.RCC_GetFlagStatus
                0x080020c4       0x74 StdPeriph_Driver/src/stm32f10x_rcc.o
                0x080020c4                RCC_GetFlagStatus
 .text.TIM_TimeBaseInit
                0x08002138       0xf8 StdPeriph_Driver/src/stm32f10x_tim.o
                0x08002138                TIM_TimeBaseInit
 .text.TIM_Cmd  0x08002230       0x3e StdPeriph_Driver/src/stm32f10x_tim.o
                0x08002230                TIM_Cmd
 .text.TIM_ITConfig
                0x0800226e       0x46 StdPeriph_Driver/src/stm32f10x_tim.o
                0x0800226e                TIM_ITConfig
 .text.TIM_ARRPreloadConfig
                0x080022b4       0x3e StdPeriph_Driver/src/stm32f10x_tim.o
                0x080022b4                TIM_ARRPreloadConfig
 .text.TIM_GetITStatus
                0x080022f2       0x52 StdPeriph_Driver/src/stm32f10x_tim.o
                0x080022f2                TIM_GetITStatus
 .text.TIM_ClearITPendingBit
                0x08002344       0x20 StdPeriph_Driver/src/stm32f10x_tim.o
                0x08002344                TIM_ClearITPendingBit
 .text.USART_Init
                0x08002364      0x174 StdPeriph_Driver/src/stm32f10x_usart.o
                0x08002364                USART_Init
 .text.USART_Cmd
                0x080024d8       0x3e StdPeriph_Driver/src/stm32f10x_usart.o
                0x080024d8                USART_Cmd
 .text.USART_SendData
                0x08002516       0x22 StdPeriph_Driver/src/stm32f10x_usart.o
                0x08002516                USART_SendData
 .text.USART_ReceiveData
                0x08002538       0x1e StdPeriph_Driver/src/stm32f10x_usart.o
                0x08002538                USART_ReceiveData
 .text.USART_GetFlagStatus
                0x08002556       0x36 StdPeriph_Driver/src/stm32f10x_usart.o
                0x08002556                USART_GetFlagStatus
 .text.USART_ClearFlag
                0x0800258c       0x20 StdPeriph_Driver/src/stm32f10x_usart.o
                0x0800258c                USART_ClearFlag
 .text.USART_GetITStatus
                0x080025ac       0xb4 StdPeriph_Driver/src/stm32f10x_usart.o
                0x080025ac                USART_GetITStatus
 .text.USART_ClearITPendingBit
                0x08002660       0x38 StdPeriph_Driver/src/stm32f10x_usart.o
                0x08002660                USART_ClearITPendingBit
 .text.adc_init
                0x08002698       0xa8 src/adc.o
                0x08002698                adc_init
 .text.adc_reset
                0x08002740       0x12 src/adc.o
                0x08002740                adc_reset
 .text.adc_pin_set
                0x08002752       0x4a src/adc.o
                0x08002752                adc_pin_set
 .text.adc_get_adc_value
                0x0800279c       0xac src/adc.o
                0x0800279c                adc_get_adc_value
 .text.adc_get_adc_buffer
                0x08002848      0x140 src/adc.o
                0x08002848                adc_get_adc_buffer
 .text.adc_float_2_ascii
                0x08002988      0x34c src/adc.o
                0x08002988                adc_float_2_ascii
 .text.delay_init
                0x08002cd4       0x4c src/delay.o
                0x08002cd4                delay_init
 .text.delay_us
                0x08002d20       0x68 src/delay.o
                0x08002d20                delay_us
 .text.delay_ms
                0x08002d88       0x68 src/delay.o
                0x08002d88                delay_ms
 .text.dht11_init
                0x08002df0       0x2c src/dht11.o
                0x08002df0                dht11_init
 .text.dht11_pin_set
                0x08002e1c       0x40 src/dht11.o
                0x08002e1c                dht11_pin_set
 .text.dht11_reset
                0x08002e5c       0x4c src/dht11.o
                0x08002e5c                dht11_reset
 .text.dht11_scan
                0x08002ea8       0x2c src/dht11.o
                0x08002ea8                dht11_scan
 .text.dht11_read_line
                0x08002ed4       0x22 src/dht11.o
                0x08002ed4                dht11_read_line
 .text.dht11_read_bit
                0x08002ef6       0x24 src/dht11.o
                0x08002ef6                dht11_read_bit
 .text.dht11_read_byte
                0x08002f1a       0x78 src/dht11.o
                0x08002f1a                dht11_read_byte
 .text.dht11_read_sensor
                0x08002f92       0xbc src/dht11.o
                0x08002f92                dht11_read_sensor
 *fill*         0x0800304e        0x2 
 .text.dht11_get_temp_float
                0x08003050       0x78 src/dht11.o
                0x08003050                dht11_get_temp_float
 .text.dht11_get_humi_float
                0x080030c8       0x78 src/dht11.o
                0x080030c8                dht11_get_humi_float
 .text.dht11_get_all_value
                0x08003140       0xcc src/dht11.o
                0x08003140                dht11_get_all_value
 .text.dht11_float_2_ascii
                0x0800320c      0x34c src/dht11.o
                0x0800320c                dht11_float_2_ascii
 .text.SET_LINE_OUT
                0x08003558       0x26 src/ds18b20.o
 .text.SET_LINE_IN
                0x0800357e       0x26 src/ds18b20.o
 .text.ds18b20_hw_set_high
                0x080035a4       0x20 src/ds18b20.o
                0x080035a4                ds18b20_hw_set_high
 .text.ds18b20_hw_set_low
                0x080035c4       0x20 src/ds18b20.o
                0x080035c4                ds18b20_hw_set_low
 .text.ds18b20_init
                0x080035e4       0x34 src/ds18b20.o
                0x080035e4                ds18b20_init
 .text.ds18b20_presence
                0x08003618       0x8a src/ds18b20.o
                0x08003618                ds18b20_presence
 .text.ds18b20_pin_set
                0x080036a2       0x40 src/ds18b20.o
                0x080036a2                ds18b20_pin_set
 .text.ds18b20_reset
                0x080036e2       0x3a src/ds18b20.o
                0x080036e2                ds18b20_reset
 .text.ds18b20_hw_read_line
                0x0800371c       0x70 src/ds18b20.o
                0x0800371c                ds18b20_hw_read_line
 .text.ds18b20_write_byte
                0x0800378c       0x84 src/ds18b20.o
                0x0800378c                ds18b20_write_byte
 .text.ds18b20_read_byte
                0x08003810       0x4e src/ds18b20.o
                0x08003810                ds18b20_read_byte
 .text.ds18b20_start
                0x0800385e       0x40 src/ds18b20.o
                0x0800385e                ds18b20_start
 *fill*         0x0800389e        0x2 
 .text.ds18b20_get_temp
                0x080038a0      0x100 src/ds18b20.o
                0x080038a0                ds18b20_get_temp
 .text.ds18b20_save_temp_string
                0x080039a0       0x38 src/ds18b20.o
                0x080039a0                ds18b20_save_temp_string
 .text.ds18b20_float_2_ascii
                0x080039d8      0x34c src/ds18b20.o
                0x080039d8                ds18b20_float_2_ascii
 .text.main     0x08003d24      0x1b0 src/main.o
                0x08003d24                main
 .text.TIM1_UP_IRQHandler
                0x08003ed4       0x48 src/main.o
                0x08003ed4                TIM1_UP_IRQHandler
 .text.system_send_all_datas
                0x08003f1c      0x168 src/main.o
                0x08003f1c                system_send_all_datas
 .text.system_send_message
                0x08004084      0x104 src/main.o
                0x08004084                system_send_message
 .text.Key_Scan
                0x08004188      0x128 src/main.o
                0x08004188                Key_Scan
 .text.Key_GetSta
                0x080042b0       0x28 src/main.o
                0x080042b0                Key_GetSta
 .text.RCC_Configuration
                0x080042d8       0xbe src/main.o
                0x080042d8                RCC_Configuration
 *fill*         0x08004396        0x2 
 .text.UART1_INIT
                0x08004398       0xc0 src/main.o
                0x08004398                UART1_INIT
 .text.UART2_INIT
                0x08004458       0xbc src/main.o
                0x08004458                UART2_INIT
 .text.UART3_INIT
                0x08004514       0xc0 src/main.o
                0x08004514                UART3_INIT
 .text.ADC_INIT
                0x080045d4       0xb0 src/main.o
                0x080045d4                ADC_INIT
 .text.DS18B20_INIT
                0x08004684       0xb0 src/main.o
                0x08004684                DS18B20_INIT
 .text.DHT11_INIT
                0x08004734       0xac src/main.o
                0x08004734                DHT11_INIT
 .text.LED_Init
                0x080047e0       0x54 src/main.o
                0x080047e0                LED_Init
 .text.Key_Init
                0x08004834       0x44 src/main.o
                0x08004834                Key_Init
 .text._read    0x08004878       0x3a src/syscalls.o
                0x08004878                _read
 .text._write   0x080048b2       0x38 src/syscalls.o
                0x080048b2                _write
 *fill*         0x080048ea        0x2 
 .text._sbrk    0x080048ec       0x58 src/syscalls.o
                0x080048ec                _sbrk
 .text._close   0x08004944       0x16 src/syscalls.o
                0x08004944                _close
 .text._fstat   0x0800495a       0x1e src/syscalls.o
                0x0800495a                _fstat
 .text._isatty  0x08004978       0x14 src/syscalls.o
                0x08004978                _isatty
 .text._lseek   0x0800498c       0x18 src/syscalls.o
                0x0800498c                _lseek
 .text.SystemInit
                0x080049a4       0x68 src/system_stm32f10x.o
                0x080049a4                SystemInit
 .text.SetSysClock
                0x08004a0c        0xc src/system_stm32f10x.o
 .text.SetSysClockTo72
                0x08004a18      0x100 src/system_stm32f10x.o
 .text.TIM_SetInterval
                0x08004b18       0x2e src/timer.o
                0x08004b18                TIM_SetInterval
 *fill*         0x08004b46        0x2 
 .text.TIM_Init
                0x08004b48       0xe8 src/timer.o
                0x08004b48                TIM_Init
 .text.TIM2_IRQHandler
                0x08004c30       0x22 src/timer.o
                0x08004c30                TIM2_IRQHandler
 *fill*         0x08004c52        0x2 
 .text.TIM3_IRQHandler
                0x08004c54       0x24 src/timer.o
                0x08004c54                TIM3_IRQHandler
 .text.TIM4_IRQHandler
                0x08004c78       0x24 src/timer.o
                0x08004c78                TIM4_IRQHandler
 .text.TIM5_IRQHandler
                0x08004c9c       0x24 src/timer.o
                0x08004c9c                TIM5_IRQHandler
 .text.TIM6_IRQHandler
                0x08004cc0       0x24 src/timer.o
                0x08004cc0                TIM6_IRQHandler
 .text.TIM7_IRQHandler
                0x08004ce4       0x24 src/timer.o
                0x08004ce4                TIM7_IRQHandler
 .text.TIM8_UP_IRQHandler
                0x08004d08       0x24 src/timer.o
                0x08004d08                TIM8_UP_IRQHandler
 .text.uart_pin_set
                0x08004d2c       0x94 src/uart.o
                0x08004d2c                uart_pin_set
 .text.uart_init
                0x08004dc0       0xb2 src/uart.o
                0x08004dc0                uart_init
 .text.uart_write_byte
                0x08004e72       0x38 src/uart.o
                0x08004e72                uart_write_byte
 .text.uart_write_string
                0x08004eaa       0x98 src/uart.o
                0x08004eaa                uart_write_string
 .text.uart_clear_buffer
                0x08004f42       0x38 src/uart.o
                0x08004f42                uart_clear_buffer
 *fill*         0x08004f7a        0x2 
 .text.uart_fetch_data
                0x08004f7c       0x3c src/uart.o
                0x08004f7c                uart_fetch_data
 .text.USART1_IRQHandler
                0x08004fb8       0x64 src/uart.o
                0x08004fb8                USART1_IRQHandler
 .text.Reset_Handler
                0x0800501c       0x50 startup/startup_stm32.o
                0x0800501c                Reset_Handler
 .text.Default_Handler
                0x0800506c        0x2 startup/startup_stm32.o
                0x0800506c                EXTI2_IRQHandler
                0x0800506c                TIM8_TRG_COM_IRQHandler
                0x0800506c                TIM8_CC_IRQHandler
                0x0800506c                DebugMon_Handler
                0x0800506c                TIM1_CC_IRQHandler
                0x0800506c                HardFault_Handler
                0x0800506c                SysTick_Handler
                0x0800506c                PVD_IRQHandler
                0x0800506c                SDIO_IRQHandler
                0x0800506c                PendSV_Handler
                0x0800506c                NMI_Handler
                0x0800506c                EXTI3_IRQHandler
                0x0800506c                USB_HP_CAN_TX_IRQHandler
                0x0800506c                EXTI0_IRQHandler
                0x0800506c                I2C2_EV_IRQHandler
                0x0800506c                UsageFault_Handler
                0x0800506c                ADC1_2_IRQHandler
                0x0800506c                SPI1_IRQHandler
                0x0800506c                CAN_SCE_IRQHandler
                0x0800506c                TAMPER_IRQHandler
                0x0800506c                DMA2_Channel2_IRQHandler
                0x0800506c                DMA1_Channel4_IRQHandler
                0x0800506c                USART3_IRQHandler
                0x0800506c                RTC_IRQHandler
                0x0800506c                DMA1_Channel7_IRQHandler
                0x0800506c                UART5_IRQHandler
                0x0800506c                ADC3_IRQHandler
                0x0800506c                CAN_RX1_IRQHandler
                0x0800506c                DMA2_Channel1_IRQHandler
                0x0800506c                I2C1_EV_IRQHandler
                0x0800506c                DMA1_Channel6_IRQHandler
                0x0800506c                UART4_IRQHandler
                0x0800506c                RCC_IRQHandler
                0x0800506c                TIM1_TRG_COM_IRQHandler
                0x0800506c                DMA1_Channel1_IRQHandler
                0x0800506c                Default_Handler
                0x0800506c                EXTI15_10_IRQHandler
                0x0800506c                EXTI9_5_IRQHandler
                0x0800506c                SPI2_IRQHandler
                0x0800506c                USB_LP_CAN_RX0_IRQHandler
                0x0800506c                MemManage_Handler
                0x0800506c                SVC_Handler
                0x0800506c                DMA1_Channel5_IRQHandler
                0x0800506c                EXTI4_IRQHandler
                0x0800506c                DMA1_Channel3_IRQHandler
                0x0800506c                FSMC_IRQHandler
                0x0800506c                WWDG_IRQHandler
                0x0800506c                TIM1_BRK_IRQHandler
                0x0800506c                EXTI1_IRQHandler
                0x0800506c                RTCAlarm_IRQHandler
                0x0800506c                DMA2_Channel4_5_IRQHandler
                0x0800506c                USART2_IRQHandler
                0x0800506c                I2C2_ER_IRQHandler
                0x0800506c                DMA1_Channel2_IRQHandler
                0x0800506c                TIM8_BRK_IRQHandler
                0x0800506c                FLASH_IRQHandler
                0x0800506c                BusFault_Handler
                0x0800506c                SPI3_IRQHandler
                0x0800506c                I2C1_ER_IRQHandler
                0x0800506c                DMA2_Channel3_IRQHandler
 *fill*         0x0800506e        0x2 
 .text.__errno  0x08005070        0xc c:/opt/ac6/systemworkbench/plugins/fr.ac6.mcu.externaltools.arm-none.win32_1.15.0.201708311556/tools/compiler/bin/../lib/gcc/arm-none-eabi/6.3.1/../../../../arm-none-eabi/lib/thumb/v7-m\libc.a(lib_a-errno.o)
                0x08005070                __errno
 .text.__libc_init_array
                0x0800507c       0x50 c:/opt/ac6/systemworkbench/plugins/fr.ac6.mcu.externaltools.arm-none.win32_1.15.0.201708311556/tools/compiler/bin/../lib/gcc/arm-none-eabi/6.3.1/../../../../arm-none-eabi/lib/thumb/v7-m\libc.a(lib_a-init.o)
                0x0800507c                __libc_init_array
 .text.memset   0x080050cc       0x9c c:/opt/ac6/systemworkbench/plugins/fr.ac6.mcu.externaltools.arm-none.win32_1.15.0.201708311556/tools/compiler/bin/../lib/gcc/arm-none-eabi/6.3.1/../../../../arm-none-eabi/lib/thumb/v7-m\libc.a(lib_a-memset.o)
                0x080050cc                memset
 .text.printf   0x08005168       0x28 c:/opt/ac6/systemworkbench/plugins/fr.ac6.mcu.externaltools.arm-none.win32_1.15.0.201708311556/tools/compiler/bin/../lib/gcc/arm-none-eabi/6.3.1/../../../../arm-none-eabi/lib/thumb/v7-m\libc.a(lib_a-printf.o)
                0x08005168                printf
 .text._vfprintf_r
                0x08005190     0x15e8 c:/opt/ac6/systemworkbench/plugins/fr.ac6.mcu.externaltools.arm-none.win32_1.15.0.201708311556/tools/compiler/bin/../lib/gcc/arm-none-eabi/6.3.1/../../../../arm-none-eabi/lib/thumb/v7-m\libc.a(lib_a-vfprintf.o)
                0x08005190                _vfprintf_r
 .text.__sbprintf
                0x08006778       0x88 c:/opt/ac6/systemworkbench/plugins/fr.ac6.mcu.externaltools.arm-none.win32_1.15.0.201708311556/tools/compiler/bin/../lib/gcc/arm-none-eabi/6.3.1/../../../../arm-none-eabi/lib/thumb/v7-m\libc.a(lib_a-vfprintf.o)
 .text.__swsetup_r
                0x08006800       0xc8 c:/opt/ac6/systemworkbench/plugins/fr.ac6.mcu.externaltools.arm-none.win32_1.15.0.201708311556/tools/compiler/bin/../lib/gcc/arm-none-eabi/6.3.1/../../../../arm-none-eabi/lib/thumb/v7-m\libc.a(lib_a-wsetup.o)
                0x08006800                __swsetup_r
 .text.startup.register_fini
                0x080068c8       0x14 c:/opt/ac6/systemworkbench/plugins/fr.ac6.mcu.externaltools.arm-none.win32_1.15.0.201708311556/tools/compiler/bin/../lib/gcc/arm-none-eabi/6.3.1/../../../../arm-none-eabi/lib/thumb/v7-m\libc.a(lib_a-__call_atexit.o)
 .text.atexit   0x080068dc        0xc c:/opt/ac6/systemworkbench/plugins/fr.ac6.mcu.externaltools.arm-none.win32_1.15.0.201708311556/tools/compiler/bin/../lib/gcc/arm-none-eabi/6.3.1/../../../../arm-none-eabi/lib/thumb/v7-m\libc.a(lib_a-atexit.o)
                0x080068dc                atexit
 .text.quorem   0x080068e8      0x128 c:/opt/ac6/systemworkbench/plugins/fr.ac6.mcu.externaltools.arm-none.win32_1.15.0.201708311556/tools/compiler/bin/../lib/gcc/arm-none-eabi/6.3.1/../../../../arm-none-eabi/lib/thumb/v7-m\libc.a(lib_a-dtoa.o)
 .text._dtoa_r  0x08006a10      0xe44 c:/opt/ac6/systemworkbench/plugins/fr.ac6.mcu.externaltools.arm-none.win32_1.15.0.201708311556/tools/compiler/bin/../lib/gcc/arm-none-eabi/6.3.1/../../../../arm-none-eabi/lib/thumb/v7-m\libc.a(lib_a-dtoa.o)
                0x08006a10                _dtoa_r
 .text.__sflush_r
                0x08007854      0x138 c:/opt/ac6/systemworkbench/plugins/fr.ac6.mcu.externaltools.arm-none.win32_1.15.0.201708311556/tools/compiler/bin/../lib/gcc/arm-none-eabi/6.3.1/../../../../arm-none-eabi/lib/thumb/v7-m\libc.a(lib_a-fflush.o)
                0x08007854                __sflush_r
 .text._fflush_r
                0x0800798c       0x54 c:/opt/ac6/systemworkbench/plugins/fr.ac6.mcu.externaltools.arm-none.win32_1.15.0.201708311556/tools/compiler/bin/../lib/gcc/arm-none-eabi/6.3.1/../../../../arm-none-eabi/lib/thumb/v7-m\libc.a(lib_a-fflush.o)
                0x0800798c                _fflush_r
 .text._cleanup_r
                0x080079e0        0xc c:/opt/ac6/systemworkbench/plugins/fr.ac6.mcu.externaltools.arm-none.win32_1.15.0.201708311556/tools/compiler/bin/../lib/gcc/arm-none-eabi/6.3.1/../../../../arm-none-eabi/lib/thumb/v7-m\libc.a(lib_a-findfp.o)
                0x080079e0                _cleanup_r
 .text.std.isra.0
                0x080079ec       0x50 c:/opt/ac6/systemworkbench/plugins/fr.ac6.mcu.externaltools.arm-none.win32_1.15.0.201708311556/tools/compiler/bin/../lib/gcc/arm-none-eabi/6.3.1/../../../../arm-none-eabi/lib/thumb/v7-m\libc.a(lib_a-findfp.o)
 .text.__sinit  0x08007a3c       0x60 c:/opt/ac6/systemworkbench/plugins/fr.ac6.mcu.externaltools.arm-none.win32_1.15.0.201708311556/tools/compiler/bin/../lib/gcc/arm-none-eabi/6.3.1/../../../../arm-none-eabi/lib/thumb/v7-m\libc.a(lib_a-findfp.o)
                0x08007a3c                __sinit
 .text.__sfp_lock_acquire
                0x08007a9c        0xc c:/opt/ac6/systemworkbench/plugins/fr.ac6.mcu.externaltools.arm-none.win32_1.15.0.201708311556/tools/compiler/bin/../lib/gcc/arm-none-eabi/6.3.1/../../../../arm-none-eabi/lib/thumb/v7-m\libc.a(lib_a-findfp.o)
                0x08007a9c                __sfp_lock_acquire
 .text.__sfp_lock_release
                0x08007aa8        0xc c:/opt/ac6/systemworkbench/plugins/fr.ac6.mcu.externaltools.arm-none.win32_1.15.0.201708311556/tools/compiler/bin/../lib/gcc/arm-none-eabi/6.3.1/../../../../arm-none-eabi/lib/thumb/v7-m\libc.a(lib_a-findfp.o)
                0x08007aa8                __sfp_lock_release
 .text.__libc_fini_array
                0x08007ab4       0x34 c:/opt/ac6/systemworkbench/plugins/fr.ac6.mcu.externaltools.arm-none.win32_1.15.0.201708311556/tools/compiler/bin/../lib/gcc/arm-none-eabi/6.3.1/../../../../arm-none-eabi/lib/thumb/v7-m\libc.a(lib_a-fini.o)
                0x08007ab4                __libc_fini_array
 .text._malloc_trim_r
                0x08007ae8       0xa0 c:/opt/ac6/systemworkbench/plugins/fr.ac6.mcu.externaltools.arm-none.win32_1.15.0.201708311556/tools/compiler/bin/../lib/gcc/arm-none-eabi/6.3.1/../../../../arm-none-eabi/lib/thumb/v7-m\libc.a(lib_a-freer.o)
                0x08007ae8                _malloc_trim_r
 .text._free_r  0x08007b88      0x1cc c:/opt/ac6/systemworkbench/plugins/fr.ac6.mcu.externaltools.arm-none.win32_1.15.0.201708311556/tools/compiler/bin/../lib/gcc/arm-none-eabi/6.3.1/../../../../arm-none-eabi/lib/thumb/v7-m\libc.a(lib_a-freer.o)
                0x08007b88                _free_r
 .text._fwalk_reent
                0x08007d54       0x50 c:/opt/ac6/systemworkbench/plugins/fr.ac6.mcu.externaltools.arm-none.win32_1.15.0.201708311556/tools/compiler/bin/../lib/gcc/arm-none-eabi/6.3.1/../../../../arm-none-eabi/lib/thumb/v7-m\libc.a(lib_a-fwalk.o)
                0x08007d54                _fwalk_reent
 .text._localeconv_r
                0x08007da4       0x1c c:/opt/ac6/systemworkbench/plugins/fr.ac6.mcu.externaltools.arm-none.win32_1.15.0.201708311556/tools/compiler/bin/../lib/gcc/arm-none-eabi/6.3.1/../../../../arm-none-eabi/lib/thumb/v7-m\libc.a(lib_a-localeconv.o)
                0x08007da4                _localeconv_r
 .text.__retarget_lock_init_recursive
                0x08007dc0        0x4 c:/opt/ac6/systemworkbench/plugins/fr.ac6.mcu.externaltools.arm-none.win32_1.15.0.201708311556/tools/compiler/bin/../lib/gcc/arm-none-eabi/6.3.1/../../../../arm-none-eabi/lib/thumb/v7-m\libc.a(lib_a-lock.o)
                0x08007dc0                __retarget_lock_init_recursive
 .text.__retarget_lock_close_recursive
                0x08007dc4        0x4 c:/opt/ac6/systemworkbench/plugins/fr.ac6.mcu.externaltools.arm-none.win32_1.15.0.201708311556/tools/compiler/bin/../lib/gcc/arm-none-eabi/6.3.1/../../../../arm-none-eabi/lib/thumb/v7-m\libc.a(lib_a-lock.o)
                0x08007dc4                __retarget_lock_close_recursive
 .text.__retarget_lock_acquire_recursive
                0x08007dc8        0x4 c:/opt/ac6/systemworkbench/plugins/fr.ac6.mcu.externaltools.arm-none.win32_1.15.0.201708311556/tools/compiler/bin/../lib/gcc/arm-none-eabi/6.3.1/../../../../arm-none-eabi/lib/thumb/v7-m\libc.a(lib_a-lock.o)
                0x08007dc8                __retarget_lock_acquire_recursive
 .text.__retarget_lock_release_recursive
                0x08007dcc        0x4 c:/opt/ac6/systemworkbench/plugins/fr.ac6.mcu.externaltools.arm-none.win32_1.15.0.201708311556/tools/compiler/bin/../lib/gcc/arm-none-eabi/6.3.1/../../../../arm-none-eabi/lib/thumb/v7-m\libc.a(lib_a-lock.o)
                0x08007dcc                __retarget_lock_release_recursive
 .text.__swhatbuf_r
                0x08007dd0       0x5c c:/opt/ac6/systemworkbench/plugins/fr.ac6.mcu.externaltools.arm-none.win32_1.15.0.201708311556/tools/compiler/bin/../lib/gcc/arm-none-eabi/6.3.1/../../../../arm-none-eabi/lib/thumb/v7-m\libc.a(lib_a-makebuf.o)
                0x08007dd0                __swhatbuf_r
 .text.__smakebuf_r
                0x08007e2c       0x94 c:/opt/ac6/systemworkbench/plugins/fr.ac6.mcu.externaltools.arm-none.win32_1.15.0.201708311556/tools/compiler/bin/../lib/gcc/arm-none-eabi/6.3.1/../../../../arm-none-eabi/lib/thumb/v7-m\libc.a(lib_a-makebuf.o)
                0x08007e2c                __smakebuf_r
 .text._malloc_r
                0x08007ec0      0x544 c:/opt/ac6/systemworkbench/plugins/fr.ac6.mcu.externaltools.arm-none.win32_1.15.0.201708311556/tools/compiler/bin/../lib/gcc/arm-none-eabi/6.3.1/../../../../arm-none-eabi/lib/thumb/v7-m\libc.a(lib_a-mallocr.o)
                0x08007ec0                _malloc_r
 .text.memchr   0x08008404       0x8c c:/opt/ac6/systemworkbench/plugins/fr.ac6.mcu.externaltools.arm-none.win32_1.15.0.201708311556/tools/compiler/bin/../lib/gcc/arm-none-eabi/6.3.1/../../../../arm-none-eabi/lib/thumb/v7-m\libc.a(lib_a-memchr-stub.o)
                0x08008404                memchr
 .text.__malloc_lock
                0x08008490        0xc c:/opt/ac6/systemworkbench/plugins/fr.ac6.mcu.externaltools.arm-none.win32_1.15.0.201708311556/tools/compiler/bin/../lib/gcc/arm-none-eabi/6.3.1/../../../../arm-none-eabi/lib/thumb/v7-m\libc.a(lib_a-mlock.o)
                0x08008490                __malloc_lock
 .text.__malloc_unlock
                0x0800849c        0xc c:/opt/ac6/systemworkbench/plugins/fr.ac6.mcu.externaltools.arm-none.win32_1.15.0.201708311556/tools/compiler/bin/../lib/gcc/arm-none-eabi/6.3.1/../../../../arm-none-eabi/lib/thumb/v7-m\libc.a(lib_a-mlock.o)
                0x0800849c                __malloc_unlock
 .text._Balloc  0x080084a8       0x4c c:/opt/ac6/systemworkbench/plugins/fr.ac6.mcu.externaltools.arm-none.win32_1.15.0.201708311556/tools/compiler/bin/../lib/gcc/arm-none-eabi/6.3.1/../../../../arm-none-eabi/lib/thumb/v7-m\libc.a(lib_a-mprec.o)
                0x080084a8                _Balloc
 .text._Bfree   0x080084f4       0x14 c:/opt/ac6/systemworkbench/plugins/fr.ac6.mcu.externaltools.arm-none.win32_1.15.0.201708311556/tools/compiler/bin/../lib/gcc/arm-none-eabi/6.3.1/../../../../arm-none-eabi/lib/thumb/v7-m\libc.a(lib_a-mprec.o)
                0x080084f4                _Bfree
 .text.__multadd
                0x08008508       0x84 c:/opt/ac6/systemworkbench/plugins/fr.ac6.mcu.externaltools.arm-none.win32_1.15.0.201708311556/tools/compiler/bin/../lib/gcc/arm-none-eabi/6.3.1/../../../../arm-none-eabi/lib/thumb/v7-m\libc.a(lib_a-mprec.o)
                0x08008508                __multadd
 .text.__hi0bits
                0x0800858c       0x40 c:/opt/ac6/systemworkbench/plugins/fr.ac6.mcu.externaltools.arm-none.win32_1.15.0.201708311556/tools/compiler/bin/../lib/gcc/arm-none-eabi/6.3.1/../../../../arm-none-eabi/lib/thumb/v7-m\libc.a(lib_a-mprec.o)
                0x0800858c                __hi0bits
 .text.__lo0bits
                0x080085cc       0x60 c:/opt/ac6/systemworkbench/plugins/fr.ac6.mcu.externaltools.arm-none.win32_1.15.0.201708311556/tools/compiler/bin/../lib/gcc/arm-none-eabi/6.3.1/../../../../arm-none-eabi/lib/thumb/v7-m\libc.a(lib_a-mprec.o)
                0x080085cc                __lo0bits
 .text.__i2b    0x0800862c       0x14 c:/opt/ac6/systemworkbench/plugins/fr.ac6.mcu.externaltools.arm-none.win32_1.15.0.201708311556/tools/compiler/bin/../lib/gcc/arm-none-eabi/6.3.1/../../../../arm-none-eabi/lib/thumb/v7-m\libc.a(lib_a-mprec.o)
                0x0800862c                __i2b
 .text.__multiply
                0x08008640      0x124 c:/opt/ac6/systemworkbench/plugins/fr.ac6.mcu.externaltools.arm-none.win32_1.15.0.201708311556/tools/compiler/bin/../lib/gcc/arm-none-eabi/6.3.1/../../../../arm-none-eabi/lib/thumb/v7-m\libc.a(lib_a-mprec.o)
                0x08008640                __multiply
 .text.__pow5mult
                0x08008764       0xa0 c:/opt/ac6/systemworkbench/plugins/fr.ac6.mcu.externaltools.arm-none.win32_1.15.0.201708311556/tools/compiler/bin/../lib/gcc/arm-none-eabi/6.3.1/../../../../arm-none-eabi/lib/thumb/v7-m\libc.a(lib_a-mprec.o)
                0x08008764                __pow5mult
 .text.__lshift
                0x08008804       0xa0 c:/opt/ac6/systemworkbench/plugins/fr.ac6.mcu.externaltools.arm-none.win32_1.15.0.201708311556/tools/compiler/bin/../lib/gcc/arm-none-eabi/6.3.1/../../../../arm-none-eabi/lib/thumb/v7-m\libc.a(lib_a-mprec.o)
                0x08008804                __lshift
 .text.__mcmp   0x080088a4       0x38 c:/opt/ac6/systemworkbench/plugins/fr.ac6.mcu.externaltools.arm-none.win32_1.15.0.201708311556/tools/compiler/bin/../lib/gcc/arm-none-eabi/6.3.1/../../../../arm-none-eabi/lib/thumb/v7-m\libc.a(lib_a-mprec.o)
                0x080088a4                __mcmp
 .text.__mdiff  0x080088dc      0x11c c:/opt/ac6/systemworkbench/plugins/fr.ac6.mcu.externaltools.arm-none.win32_1.15.0.201708311556/tools/compiler/bin/../lib/gcc/arm-none-eabi/6.3.1/../../../../arm-none-eabi/lib/thumb/v7-m\libc.a(lib_a-mprec.o)
                0x080088dc                __mdiff
 .text.__d2b    0x080089f8       0xa8 c:/opt/ac6/systemworkbench/plugins/fr.ac6.mcu.externaltools.arm-none.win32_1.15.0.201708311556/tools/compiler/bin/../lib/gcc/arm-none-eabi/6.3.1/../../../../arm-none-eabi/lib/thumb/v7-m\libc.a(lib_a-mprec.o)
                0x080089f8                __d2b
 .text._sbrk_r  0x08008aa0       0x24 c:/opt/ac6/systemworkbench/plugins/fr.ac6.mcu.externaltools.arm-none.win32_1.15.0.201708311556/tools/compiler/bin/../lib/gcc/arm-none-eabi/6.3.1/../../../../arm-none-eabi/lib/thumb/v7-m\libc.a(lib_a-sbrkr.o)
                0x08008aa0                _sbrk_r
 .text.__sread  0x08008ac4       0x24 c:/opt/ac6/systemworkbench/plugins/fr.ac6.mcu.externaltools.arm-none.win32_1.15.0.201708311556/tools/compiler/bin/../lib/gcc/arm-none-eabi/6.3.1/../../../../arm-none-eabi/lib/thumb/v7-m\libc.a(lib_a-stdio.o)
                0x08008ac4                __sread
 .text.__swrite
                0x08008ae8       0x3c c:/opt/ac6/systemworkbench/plugins/fr.ac6.mcu.externaltools.arm-none.win32_1.15.0.201708311556/tools/compiler/bin/../lib/gcc/arm-none-eabi/6.3.1/../../../../arm-none-eabi/lib/thumb/v7-m\libc.a(lib_a-stdio.o)
                0x08008ae8                __swrite
 .text.__sseek  0x08008b24       0x20 c:/opt/ac6/systemworkbench/plugins/fr.ac6.mcu.externaltools.arm-none.win32_1.15.0.201708311556/tools/compiler/bin/../lib/gcc/arm-none-eabi/6.3.1/../../../../arm-none-eabi/lib/thumb/v7-m\libc.a(lib_a-stdio.o)
                0x08008b24                __sseek
 .text.__sclose
                0x08008b44        0x8 c:/opt/ac6/systemworkbench/plugins/fr.ac6.mcu.externaltools.arm-none.win32_1.15.0.201708311556/tools/compiler/bin/../lib/gcc/arm-none-eabi/6.3.1/../../../../arm-none-eabi/lib/thumb/v7-m\libc.a(lib_a-stdio.o)
                0x08008b44                __sclose
 .text.strlen   0x08008b4c       0x5c c:/opt/ac6/systemworkbench/plugins/fr.ac6.mcu.externaltools.arm-none.win32_1.15.0.201708311556/tools/compiler/bin/../lib/gcc/arm-none-eabi/6.3.1/../../../../arm-none-eabi/lib/thumb/v7-m\libc.a(lib_a-strlen-stub.o)
                0x08008b4c                strlen
 .text.__sprint_r.part.0
                0x08008ba8       0x80 c:/opt/ac6/systemworkbench/plugins/fr.ac6.mcu.externaltools.arm-none.win32_1.15.0.201708311556/tools/compiler/bin/../lib/gcc/arm-none-eabi/6.3.1/../../../../arm-none-eabi/lib/thumb/v7-m\libc.a(lib_a-vfiprintf.o)
 .text.__sprint_r
                0x08008c28       0x14 c:/opt/ac6/systemworkbench/plugins/fr.ac6.mcu.externaltools.arm-none.win32_1.15.0.201708311556/tools/compiler/bin/../lib/gcc/arm-none-eabi/6.3.1/../../../../arm-none-eabi/lib/thumb/v7-m\libc.a(lib_a-vfiprintf.o)
                0x08008c28                __sprint_r
 .text._write_r
                0x08008c3c       0x2c c:/opt/ac6/systemworkbench/plugins/fr.ac6.mcu.externaltools.arm-none.win32_1.15.0.201708311556/tools/compiler/bin/../lib/gcc/arm-none-eabi/6.3.1/../../../../arm-none-eabi/lib/thumb/v7-m\libc.a(lib_a-writer.o)
                0x08008c3c                _write_r
 .text.__register_exitproc
                0x08008c68       0xc4 c:/opt/ac6/systemworkbench/plugins/fr.ac6.mcu.externaltools.arm-none.win32_1.15.0.201708311556/tools/compiler/bin/../lib/gcc/arm-none-eabi/6.3.1/../../../../arm-none-eabi/lib/thumb/v7-m\libc.a(lib_a-__atexit.o)
                0x08008c68                __register_exitproc
 .text._calloc_r
                0x08008d2c       0x60 c:/opt/ac6/systemworkbench/plugins/fr.ac6.mcu.externaltools.arm-none.win32_1.15.0.201708311556/tools/compiler/bin/../lib/gcc/arm-none-eabi/6.3.1/../../../../arm-none-eabi/lib/thumb/v7-m\libc.a(lib_a-callocr.o)
                0x08008d2c                _calloc_r
 .text._close_r
                0x08008d8c       0x24 c:/opt/ac6/systemworkbench/plugins/fr.ac6.mcu.externaltools.arm-none.win32_1.15.0.201708311556/tools/compiler/bin/../lib/gcc/arm-none-eabi/6.3.1/../../../../arm-none-eabi/lib/thumb/v7-m\libc.a(lib_a-closer.o)
                0x08008d8c                _close_r
 .text._fclose_r
                0x08008db0       0xc4 c:/opt/ac6/systemworkbench/plugins/fr.ac6.mcu.externaltools.arm-none.win32_1.15.0.201708311556/tools/compiler/bin/../lib/gcc/arm-none-eabi/6.3.1/../../../../arm-none-eabi/lib/thumb/v7-m\libc.a(lib_a-fclose.o)
                0x08008db0                _fclose_r
 .text.__fputwc
                0x08008e74       0x98 c:/opt/ac6/systemworkbench/plugins/fr.ac6.mcu.externaltools.arm-none.win32_1.15.0.201708311556/tools/compiler/bin/../lib/gcc/arm-none-eabi/6.3.1/../../../../arm-none-eabi/lib/thumb/v7-m\libc.a(lib_a-fputwc.o)
                0x08008e74                __fputwc
 .text._fputwc_r
                0x08008f0c       0x68 c:/opt/ac6/systemworkbench/plugins/fr.ac6.mcu.externaltools.arm-none.win32_1.15.0.201708311556/tools/compiler/bin/../lib/gcc/arm-none-eabi/6.3.1/../../../../arm-none-eabi/lib/thumb/v7-m\libc.a(lib_a-fputwc.o)
                0x08008f0c                _fputwc_r
 .text._fstat_r
                0x08008f74       0x28 c:/opt/ac6/systemworkbench/plugins/fr.ac6.mcu.externaltools.arm-none.win32_1.15.0.201708311556/tools/compiler/bin/../lib/gcc/arm-none-eabi/6.3.1/../../../../arm-none-eabi/lib/thumb/v7-m\libc.a(lib_a-fstatr.o)
                0x08008f74                _fstat_r
 .text.__sfvwrite_r
                0x08008f9c      0x2f4 c:/opt/ac6/systemworkbench/plugins/fr.ac6.mcu.externaltools.arm-none.win32_1.15.0.201708311556/tools/compiler/bin/../lib/gcc/arm-none-eabi/6.3.1/../../../../arm-none-eabi/lib/thumb/v7-m\libc.a(lib_a-fvwrite.o)
                0x08008f9c                __sfvwrite_r
 .text._isatty_r
                0x08009290       0x24 c:/opt/ac6/systemworkbench/plugins/fr.ac6.mcu.externaltools.arm-none.win32_1.15.0.201708311556/tools/compiler/bin/../lib/gcc/arm-none-eabi/6.3.1/../../../../arm-none-eabi/lib/thumb/v7-m\libc.a(lib_a-isattyr.o)
                0x08009290                _isatty_r
 .text.__locale_mb_cur_max
                0x080092b4       0x1c c:/opt/ac6/systemworkbench/plugins/fr.ac6.mcu.externaltools.arm-none.win32_1.15.0.201708311556/tools/compiler/bin/../lib/gcc/arm-none-eabi/6.3.1/../../../../arm-none-eabi/lib/thumb/v7-m\libc.a(lib_a-locale.o)
                0x080092b4                __locale_mb_cur_max
 .text._lseek_r
                0x080092d0       0x2c c:/opt/ac6/systemworkbench/plugins/fr.ac6.mcu.externaltools.arm-none.win32_1.15.0.201708311556/tools/compiler/bin/../lib/gcc/arm-none-eabi/6.3.1/../../../../arm-none-eabi/lib/thumb/v7-m\libc.a(lib_a-lseekr.o)
                0x080092d0                _lseek_r
 .text.__ascii_mbtowc
                0x080092fc       0x2c c:/opt/ac6/systemworkbench/plugins/fr.ac6.mcu.externaltools.arm-none.win32_1.15.0.201708311556/tools/compiler/bin/../lib/gcc/arm-none-eabi/6.3.1/../../../../arm-none-eabi/lib/thumb/v7-m\libc.a(lib_a-mbtowc_r.o)
                0x080092fc                __ascii_mbtowc
 .text.memmove  0x08009328       0xc8 c:/opt/ac6/systemworkbench/plugins/fr.ac6.mcu.externaltools.arm-none.win32_1.15.0.201708311556/tools/compiler/bin/../lib/gcc/arm-none-eabi/6.3.1/../../../../arm-none-eabi/lib/thumb/v7-m\libc.a(lib_a-memmove.o)
                0x08009328                memmove
 .text._read_r  0x080093f0       0x2c c:/opt/ac6/systemworkbench/plugins/fr.ac6.mcu.externaltools.arm-none.win32_1.15.0.201708311556/tools/compiler/bin/../lib/gcc/arm-none-eabi/6.3.1/../../../../arm-none-eabi/lib/thumb/v7-m\libc.a(lib_a-readr.o)
                0x080093f0                _read_r
 .text._realloc_r
                0x0800941c      0x36c c:/opt/ac6/systemworkbench/plugins/fr.ac6.mcu.externaltools.arm-none.win32_1.15.0.201708311556/tools/compiler/bin/../lib/gcc/arm-none-eabi/6.3.1/../../../../arm-none-eabi/lib/thumb/v7-m\libc.a(lib_a-reallocr.o)
                0x0800941c                _realloc_r
 .text.__swbuf_r
                0x08009788       0xb0 c:/opt/ac6/systemworkbench/plugins/fr.ac6.mcu.externaltools.arm-none.win32_1.15.0.201708311556/tools/compiler/bin/../lib/gcc/arm-none-eabi/6.3.1/../../../../arm-none-eabi/lib/thumb/v7-m\libc.a(lib_a-wbuf.o)
                0x08009788                __swbuf_r
 .text._wcrtomb_r
                0x08009838       0x54 c:/opt/ac6/systemworkbench/plugins/fr.ac6.mcu.externaltools.arm-none.win32_1.15.0.201708311556/tools/compiler/bin/../lib/gcc/arm-none-eabi/6.3.1/../../../../arm-none-eabi/lib/thumb/v7-m\libc.a(lib_a-wcrtomb.o)
                0x08009838                _wcrtomb_r
 .text.__ascii_wctomb
                0x0800988c       0x18 c:/opt/ac6/systemworkbench/plugins/fr.ac6.mcu.externaltools.arm-none.win32_1.15.0.201708311556/tools/compiler/bin/../lib/gcc/arm-none-eabi/6.3.1/../../../../arm-none-eabi/lib/thumb/v7-m\libc.a(lib_a-wctomb_r.o)
                0x0800988c                __ascii_wctomb
 *(.glue_7)
 .glue_7        0x080098a4        0x0 linker stubs
 *(.glue_7t)
 .glue_7t       0x080098a4        0x0 linker stubs
 *(.eh_frame)
 .eh_frame      0x080098a4        0x0 c:/opt/ac6/systemworkbench/plugins/fr.ac6.mcu.externaltools.arm-none.win32_1.15.0.201708311556/tools/compiler/bin/../lib/gcc/arm-none-eabi/6.3.1/thumb/v7-m/crtbegin.o
 *(.init)
 .init          0x080098a4        0x4 c:/opt/ac6/systemworkbench/plugins/fr.ac6.mcu.externaltools.arm-none.win32_1.15.0.201708311556/tools/compiler/bin/../lib/gcc/arm-none-eabi/6.3.1/thumb/v7-m/crti.o
                0x080098a4                _init
 .init          0x080098a8        0x8 c:/opt/ac6/systemworkbench/plugins/fr.ac6.mcu.externaltools.arm-none.win32_1.15.0.201708311556/tools/compiler/bin/../lib/gcc/arm-none-eabi/6.3.1/thumb/v7-m/crtn.o
 *(.fini)
 .fini          0x080098b0        0x4 c:/opt/ac6/systemworkbench/plugins/fr.ac6.mcu.externaltools.arm-none.win32_1.15.0.201708311556/tools/compiler/bin/../lib/gcc/arm-none-eabi/6.3.1/thumb/v7-m/crti.o
                0x080098b0                _fini
 .fini          0x080098b4        0x8 c:/opt/ac6/systemworkbench/plugins/fr.ac6.mcu.externaltools.arm-none.win32_1.15.0.201708311556/tools/compiler/bin/../lib/gcc/arm-none-eabi/6.3.1/thumb/v7-m/crtn.o
                0x080098bc                . = ALIGN (0x4)
                0x080098bc                _etext = .

.vfp11_veneer   0x080098bc        0x0
 .vfp11_veneer  0x080098bc        0x0 linker stubs

.v4_bx          0x080098bc        0x0
 .v4_bx         0x080098bc        0x0 linker stubs

.iplt           0x080098bc        0x0
 .iplt          0x080098bc        0x0 c:/opt/ac6/systemworkbench/plugins/fr.ac6.mcu.externaltools.arm-none.win32_1.15.0.201708311556/tools/compiler/bin/../lib/gcc/arm-none-eabi/6.3.1/thumb/v7-m/crtbegin.o

.rodata         0x080098c0      0x328
                0x080098c0                . = ALIGN (0x4)
 *(.rodata)
 .rodata        0x080098c0       0x9c src/main.o
 *(.rodata*)
 .rodata._global_impure_ptr
                0x0800995c        0x4 c:/opt/ac6/systemworkbench/plugins/fr.ac6.mcu.externaltools.arm-none.win32_1.15.0.201708311556/tools/compiler/bin/../lib/gcc/arm-none-eabi/6.3.1/../../../../arm-none-eabi/lib/thumb/v7-m\libc.a(lib_a-impure.o)
                0x0800995c                _global_impure_ptr
 .rodata._vfprintf_r.str1.4
                0x08009960       0x42 c:/opt/ac6/systemworkbench/plugins/fr.ac6.mcu.externaltools.arm-none.win32_1.15.0.201708311556/tools/compiler/bin/../lib/gcc/arm-none-eabi/6.3.1/../../../../arm-none-eabi/lib/thumb/v7-m\libc.a(lib_a-vfprintf.o)
 *fill*         0x080099a2        0x2 
 .rodata.blanks.7238
                0x080099a4       0x10 c:/opt/ac6/systemworkbench/plugins/fr.ac6.mcu.externaltools.arm-none.win32_1.15.0.201708311556/tools/compiler/bin/../lib/gcc/arm-none-eabi/6.3.1/../../../../arm-none-eabi/lib/thumb/v7-m\libc.a(lib_a-vfprintf.o)
 .rodata.zeroes.7239
                0x080099b4       0x10 c:/opt/ac6/systemworkbench/plugins/fr.ac6.mcu.externaltools.arm-none.win32_1.15.0.201708311556/tools/compiler/bin/../lib/gcc/arm-none-eabi/6.3.1/../../../../arm-none-eabi/lib/thumb/v7-m\libc.a(lib_a-vfprintf.o)
 .rodata._dtoa_r.str1.4
                0x080099c4       0x10 c:/opt/ac6/systemworkbench/plugins/fr.ac6.mcu.externaltools.arm-none.win32_1.15.0.201708311556/tools/compiler/bin/../lib/gcc/arm-none-eabi/6.3.1/../../../../arm-none-eabi/lib/thumb/v7-m\libc.a(lib_a-dtoa.o)
                                 0x12 (size before relaxing)
 *fill*         0x080099d4        0x4 
 .rodata.__mprec_bigtens
                0x080099d8       0x28 c:/opt/ac6/systemworkbench/plugins/fr.ac6.mcu.externaltools.arm-none.win32_1.15.0.201708311556/tools/compiler/bin/../lib/gcc/arm-none-eabi/6.3.1/../../../../arm-none-eabi/lib/thumb/v7-m\libc.a(lib_a-mprec.o)
                0x080099d8                __mprec_bigtens
 .rodata.__mprec_tens
                0x08009a00       0xc8 c:/opt/ac6/systemworkbench/plugins/fr.ac6.mcu.externaltools.arm-none.win32_1.15.0.201708311556/tools/compiler/bin/../lib/gcc/arm-none-eabi/6.3.1/../../../../arm-none-eabi/lib/thumb/v7-m\libc.a(lib_a-mprec.o)
                0x08009a00                __mprec_tens
 .rodata.p05.6055
                0x08009ac8        0xc c:/opt/ac6/systemworkbench/plugins/fr.ac6.mcu.externaltools.arm-none.win32_1.15.0.201708311556/tools/compiler/bin/../lib/gcc/arm-none-eabi/6.3.1/../../../../arm-none-eabi/lib/thumb/v7-m\libc.a(lib_a-mprec.o)
 .rodata._setlocale_r.str1.4
                0x08009ad4        0xa c:/opt/ac6/systemworkbench/plugins/fr.ac6.mcu.externaltools.arm-none.win32_1.15.0.201708311556/tools/compiler/bin/../lib/gcc/arm-none-eabi/6.3.1/../../../../arm-none-eabi/lib/thumb/v7-m\libc.a(lib_a-locale.o)
                                  0xd (size before relaxing)
 *fill*         0x08009ade        0x2 
 .rodata.str1.4
                0x08009ae0        0x4 c:/opt/ac6/systemworkbench/plugins/fr.ac6.mcu.externaltools.arm-none.win32_1.15.0.201708311556/tools/compiler/bin/../lib/gcc/arm-none-eabi/6.3.1/../../../../arm-none-eabi/lib/thumb/v7-m\libc.a(lib_a-locale.o)
                                  0x2 (size before relaxing)
 .rodata._ctype_
                0x08009ae4      0x101 c:/opt/ac6/systemworkbench/plugins/fr.ac6.mcu.externaltools.arm-none.win32_1.15.0.201708311556/tools/compiler/bin/../lib/gcc/arm-none-eabi/6.3.1/../../../../arm-none-eabi/lib/thumb/v7-m\libc.a(lib_a-ctype_.o)
                0x08009ae4                _ctype_
                0x08009be8                . = ALIGN (0x4)
 *fill*         0x08009be5        0x3 

.ARM.extab      0x08009be8        0x0
                0x08009be8                . = ALIGN (0x4)
 *(.ARM.extab* .gnu.linkonce.armextab.*)
                0x08009be8                . = ALIGN (0x4)

.ARM            0x08009be8        0x8
                0x08009be8                . = ALIGN (0x4)
                0x08009be8                __exidx_start = .
 *(.ARM.exidx*)
 .ARM.exidx     0x08009be8        0x8 c:/opt/ac6/systemworkbench/plugins/fr.ac6.mcu.externaltools.arm-none.win32_1.15.0.201708311556/tools/compiler/bin/../lib/gcc/arm-none-eabi/6.3.1/thumb/v7-m\libgcc.a(_udivmoddi4.o)
                0x08009bf0                __exidx_end = .
                0x08009bf0                . = ALIGN (0x4)

.rel.dyn        0x08009bf0        0x0
 .rel.iplt      0x08009bf0        0x0 c:/opt/ac6/systemworkbench/plugins/fr.ac6.mcu.externaltools.arm-none.win32_1.15.0.201708311556/tools/compiler/bin/../lib/gcc/arm-none-eabi/6.3.1/thumb/v7-m/crtbegin.o

.preinit_array  0x08009bf0        0x0
                0x08009bf0                . = ALIGN (0x4)
                0x08009bf0                PROVIDE (__preinit_array_start, .)
 *(.preinit_array*)
                0x08009bf0                PROVIDE (__preinit_array_end, .)
                0x08009bf0                . = ALIGN (0x4)

.init_array     0x08009bf0        0x8
                0x08009bf0                . = ALIGN (0x4)
                0x08009bf0                PROVIDE (__init_array_start, .)
 *(SORT(.init_array.*))
 .init_array.00000
                0x08009bf0        0x4 c:/opt/ac6/systemworkbench/plugins/fr.ac6.mcu.externaltools.arm-none.win32_1.15.0.201708311556/tools/compiler/bin/../lib/gcc/arm-none-eabi/6.3.1/../../../../arm-none-eabi/lib/thumb/v7-m\libc.a(lib_a-__call_atexit.o)
 *(.init_array*)
 .init_array    0x08009bf4        0x4 c:/opt/ac6/systemworkbench/plugins/fr.ac6.mcu.externaltools.arm-none.win32_1.15.0.201708311556/tools/compiler/bin/../lib/gcc/arm-none-eabi/6.3.1/thumb/v7-m/crtbegin.o
                0x08009bf8                PROVIDE (__init_array_end, .)
                0x08009bf8                . = ALIGN (0x4)

.fini_array     0x08009bf8        0x4
                0x08009bf8                . = ALIGN (0x4)
                0x08009bf8                PROVIDE (__fini_array_start, .)
 *(SORT(.fini_array.*))
 *(.fini_array*)
 .fini_array    0x08009bf8        0x4 c:/opt/ac6/systemworkbench/plugins/fr.ac6.mcu.externaltools.arm-none.win32_1.15.0.201708311556/tools/compiler/bin/../lib/gcc/arm-none-eabi/6.3.1/thumb/v7-m/crtbegin.o
                0x08009bfc                PROVIDE (__fini_array_end, .)
                0x08009bfc                . = ALIGN (0x4)
                0x08009bfc                _sidata = LOADADDR (.data)

.data           0x20000000      0xa18 load address 0x08009bfc
                0x20000000                . = ALIGN (0x4)
                0x20000000                _sdata = .
 *(.data)
 .data          0x20000000       0x14 StdPeriph_Driver/src/stm32f10x_rcc.o
 .data          0x20000014       0x1c src/main.o
                0x20000014                temp_max
                0x20000018                at_sms_config
                0x2000001c                at_sms_setgsm
                0x20000020                at_sms_number
                0x20000024                at_sms_content
                0x20000028                at_sms_start
                0x2000002c                at_enter
 .data          0x20000030       0x14 src/system_stm32f10x.o
                0x20000030                SystemCoreClock
                0x20000034                AHBPrescTable
 .data          0x20000044       0x28 src/timer.o
                0x20000044                TIM
                0x20000064                TIM_IRQChannel
 *(.data*)
 .data._impure_ptr
                0x2000006c        0x4 c:/opt/ac6/systemworkbench/plugins/fr.ac6.mcu.externaltools.arm-none.win32_1.15.0.201708311556/tools/compiler/bin/../lib/gcc/arm-none-eabi/6.3.1/../../../../arm-none-eabi/lib/thumb/v7-m\libc.a(lib_a-impure.o)
                0x2000006c                _impure_ptr
 .data.impure_data
                0x20000070      0x428 c:/opt/ac6/systemworkbench/plugins/fr.ac6.mcu.externaltools.arm-none.win32_1.15.0.201708311556/tools/compiler/bin/../lib/gcc/arm-none-eabi/6.3.1/../../../../arm-none-eabi/lib/thumb/v7-m\libc.a(lib_a-impure.o)
 .data.__atexit_recursive_mutex
                0x20000498        0x4 c:/opt/ac6/systemworkbench/plugins/fr.ac6.mcu.externaltools.arm-none.win32_1.15.0.201708311556/tools/compiler/bin/../lib/gcc/arm-none-eabi/6.3.1/../../../../arm-none-eabi/lib/thumb/v7-m\libc.a(lib_a-__call_atexit.o)
                0x20000498                __atexit_recursive_mutex
 .data.__malloc_av_
                0x2000049c      0x408 c:/opt/ac6/systemworkbench/plugins/fr.ac6.mcu.externaltools.arm-none.win32_1.15.0.201708311556/tools/compiler/bin/../lib/gcc/arm-none-eabi/6.3.1/../../../../arm-none-eabi/lib/thumb/v7-m\libc.a(lib_a-mallocr.o)
                0x2000049c                __malloc_av_
 .data.__malloc_sbrk_base
                0x200008a4        0x4 c:/opt/ac6/systemworkbench/plugins/fr.ac6.mcu.externaltools.arm-none.win32_1.15.0.201708311556/tools/compiler/bin/../lib/gcc/arm-none-eabi/6.3.1/../../../../arm-none-eabi/lib/thumb/v7-m\libc.a(lib_a-mallocr.o)
                0x200008a4                __malloc_sbrk_base
 .data.__malloc_trim_threshold
                0x200008a8        0x4 c:/opt/ac6/systemworkbench/plugins/fr.ac6.mcu.externaltools.arm-none.win32_1.15.0.201708311556/tools/compiler/bin/../lib/gcc/arm-none-eabi/6.3.1/../../../../arm-none-eabi/lib/thumb/v7-m\libc.a(lib_a-mallocr.o)
                0x200008a8                __malloc_trim_threshold
 .data.__global_locale
                0x200008ac      0x16c c:/opt/ac6/systemworkbench/plugins/fr.ac6.mcu.externaltools.arm-none.win32_1.15.0.201708311556/tools/compiler/bin/../lib/gcc/arm-none-eabi/6.3.1/../../../../arm-none-eabi/lib/thumb/v7-m\libc.a(lib_a-locale.o)
                0x200008ac                __global_locale
                0x20000a18                . = ALIGN (0x4)
                0x20000a18                _edata = .

.jcr            0x20000a18        0x0 load address 0x0800a614
 .jcr           0x20000a18        0x0 c:/opt/ac6/systemworkbench/plugins/fr.ac6.mcu.externaltools.arm-none.win32_1.15.0.201708311556/tools/compiler/bin/../lib/gcc/arm-none-eabi/6.3.1/thumb/v7-m/crtbegin.o

.igot.plt       0x20000a18        0x0 load address 0x0800a614
 .igot.plt      0x20000a18        0x0 c:/opt/ac6/systemworkbench/plugins/fr.ac6.mcu.externaltools.arm-none.win32_1.15.0.201708311556/tools/compiler/bin/../lib/gcc/arm-none-eabi/6.3.1/thumb/v7-m/crtbegin.o
                0x20000a18                . = ALIGN (0x4)

.bss            0x20000a18      0x744 load address 0x0800a614
                0x20000a18                _sbss = .
                0x20000a18                __bss_start__ = _sbss
 *(.bss)
 .bss           0x20000a18       0x1c c:/opt/ac6/systemworkbench/plugins/fr.ac6.mcu.externaltools.arm-none.win32_1.15.0.201708311556/tools/compiler/bin/../lib/gcc/arm-none-eabi/6.3.1/thumb/v7-m/crtbegin.o
 .bss           0x20000a34        0x4 src/delay.o
 .bss           0x20000a38        0xd src/main.o
                0x20000a38                Key_Sta
                0x20000a3c                gsm_freeze_count
                0x20000a3e                allow_send_flag
                0x20000a40                timCnt
                0x20000a44                allow_time_flag
 *fill*         0x20000a45        0x3 
 .bss           0x20000a48        0x8 src/syscalls.o
                0x20000a48                __env
 .bss           0x20000a50        0x5 src/uart.o
                0x20000a50                uart_int_count
                0x20000a54                uart_full_flag
 *(.bss*)
 *fill*         0x20000a55        0x3 
 .bss.__malloc_current_mallinfo
                0x20000a58       0x28 c:/opt/ac6/systemworkbench/plugins/fr.ac6.mcu.externaltools.arm-none.win32_1.15.0.201708311556/tools/compiler/bin/../lib/gcc/arm-none-eabi/6.3.1/../../../../arm-none-eabi/lib/thumb/v7-m\libc.a(lib_a-mallocr.o)
                0x20000a58                __malloc_current_mallinfo
 .bss.__malloc_max_sbrked_mem
                0x20000a80        0x4 c:/opt/ac6/systemworkbench/plugins/fr.ac6.mcu.externaltools.arm-none.win32_1.15.0.201708311556/tools/compiler/bin/../lib/gcc/arm-none-eabi/6.3.1/../../../../arm-none-eabi/lib/thumb/v7-m\libc.a(lib_a-mallocr.o)
                0x20000a80                __malloc_max_sbrked_mem
 .bss.__malloc_max_total_mem
                0x20000a84        0x4 c:/opt/ac6/systemworkbench/plugins/fr.ac6.mcu.externaltools.arm-none.win32_1.15.0.201708311556/tools/compiler/bin/../lib/gcc/arm-none-eabi/6.3.1/../../../../arm-none-eabi/lib/thumb/v7-m\libc.a(lib_a-mallocr.o)
                0x20000a84                __malloc_max_total_mem
 .bss.__malloc_top_pad
                0x20000a88        0x4 c:/opt/ac6/systemworkbench/plugins/fr.ac6.mcu.externaltools.arm-none.win32_1.15.0.201708311556/tools/compiler/bin/../lib/gcc/arm-none-eabi/6.3.1/../../../../arm-none-eabi/lib/thumb/v7-m\libc.a(lib_a-mallocr.o)
                0x20000a88                __malloc_top_pad
 *(COMMON)
 COMMON         0x20000a8c      0x5a8 src/main.o
                0x20000a8c                uart_b
                0x20000be0                uart_a
                0x20000d34                adc_handle
                0x20000d38                uart_c
                0x20000e8c                uart_c_handle
                0x20000e90                i
                0x20000e94                adc
                0x20000f24                ds18b20_a
                0x20000f98                uart_a_handle
                0x20000f9c                uart_b_handle
                0x20000fa0                dht11
                0x2000102c                dht11_handle
                0x20001030                ds18b20_a_handle
 COMMON         0x20001034      0x100 src/uart.o
                0x20001034                uart_buffer
 COMMON         0x20001134       0x21 c:/opt/ac6/systemworkbench/plugins/fr.ac6.mcu.externaltools.arm-none.win32_1.15.0.201708311556/tools/compiler/bin/../lib/gcc/arm-none-eabi/6.3.1/../../../../arm-none-eabi/lib/thumb/v7-m\libc.a(lib_a-lock.o)
                0x20001134                __lock___atexit_recursive_mutex
                0x20001138                __lock___arc4random_mutex
                0x2000113c                __lock___env_recursive_mutex
                0x20001140                __lock___sinit_recursive_mutex
                0x20001144                __lock___malloc_recursive_mutex
                0x20001148                __lock___at_quick_exit_mutex
                0x2000114c                __lock___dd_hash_mutex
                0x20001150                __lock___tz_mutex
                0x20001154                __lock___sfp_recursive_mutex
 *fill*         0x20001155        0x3 
 COMMON         0x20001158        0x4 c:/opt/ac6/systemworkbench/plugins/fr.ac6.mcu.externaltools.arm-none.win32_1.15.0.201708311556/tools/compiler/bin/../lib/gcc/arm-none-eabi/6.3.1/../../../../arm-none-eabi/lib/thumb/v7-m\libc.a(lib_a-reent.o)
                0x20001158                errno
                0x2000115c                . = ALIGN (0x4)
                0x2000115c                _ebss = .
                0x2000115c                __bss_end__ = _ebss

._user_heap_stack
                0x2000115c      0x404 load address 0x0800a614
                0x20001160                . = ALIGN (0x8)
 *fill*         0x2000115c        0x4 
                0x20001160                PROVIDE (end, .)
                [!provide]                PROVIDE (_end, .)
                0x20001160                . = (. + _Min_Heap_Size)
                0x20001560                . = (. + _Min_Stack_Size)
 *fill*         0x20001160      0x400 
                0x20001560                . = ALIGN (0x8)

/DISCARD/
 libc.a(*)
 libm.a(*)
 libgcc.a(*)

.ARM.attributes
                0x00000000       0x29
 *(.ARM.attributes)
 .ARM.attributes
                0x00000000       0x1d c:/opt/ac6/systemworkbench/plugins/fr.ac6.mcu.externaltools.arm-none.win32_1.15.0.201708311556/tools/compiler/bin/../lib/gcc/arm-none-eabi/6.3.1/thumb/v7-m/crti.o
 .ARM.attributes
                0x0000001d       0x2d c:/opt/ac6/systemworkbench/plugins/fr.ac6.mcu.externaltools.arm-none.win32_1.15.0.201708311556/tools/compiler/bin/../lib/gcc/arm-none-eabi/6.3.1/thumb/v7-m/crtbegin.o
 .ARM.attributes
                0x0000004a       0x33 StdPeriph_Driver/src/misc.o
 .ARM.attributes
                0x0000007d       0x33 StdPeriph_Driver/src/stm32f10x_adc.o
 .ARM.attributes
                0x000000b0       0x33 StdPeriph_Driver/src/stm32f10x_flash.o
 .ARM.attributes
                0x000000e3       0x33 StdPeriph_Driver/src/stm32f10x_gpio.o
 .ARM.attributes
                0x00000116       0x33 StdPeriph_Driver/src/stm32f10x_rcc.o
 .ARM.attributes
                0x00000149       0x33 StdPeriph_Driver/src/stm32f10x_tim.o
 .ARM.attributes
                0x0000017c       0x33 StdPeriph_Driver/src/stm32f10x_usart.o
 .ARM.attributes
                0x000001af       0x33 src/adc.o
 .ARM.attributes
                0x000001e2       0x33 src/delay.o
 .ARM.attributes
                0x00000215       0x33 src/dht11.o
 .ARM.attributes
                0x00000248       0x33 src/ds18b20.o
 .ARM.attributes
                0x0000027b       0x33 src/main.o
 .ARM.attributes
                0x000002ae       0x33 src/syscalls.o
 .ARM.attributes
                0x000002e1       0x33 src/system_stm32f10x.o
 .ARM.attributes
                0x00000314       0x33 src/timer.o
 .ARM.attributes
                0x00000347       0x33 src/uart.o
 .ARM.attributes
                0x0000037a       0x21 startup/startup_stm32.o
 .ARM.attributes
                0x0000039b       0x1d c:/opt/ac6/systemworkbench/plugins/fr.ac6.mcu.externaltools.arm-none.win32_1.15.0.201708311556/tools/compiler/bin/../lib/gcc/arm-none-eabi/6.3.1/thumb/v7-m\libgcc.a(_arm_addsubdf3.o)
 .ARM.attributes
                0x000003b8       0x1d c:/opt/ac6/systemworkbench/plugins/fr.ac6.mcu.externaltools.arm-none.win32_1.15.0.201708311556/tools/compiler/bin/../lib/gcc/arm-none-eabi/6.3.1/thumb/v7-m\libgcc.a(_arm_muldivdf3.o)
 .ARM.attributes
                0x000003d5       0x1d c:/opt/ac6/systemworkbench/plugins/fr.ac6.mcu.externaltools.arm-none.win32_1.15.0.201708311556/tools/compiler/bin/../lib/gcc/arm-none-eabi/6.3.1/thumb/v7-m\libgcc.a(_arm_fixdfsi.o)
 .ARM.attributes
                0x000003f2       0x1d c:/opt/ac6/systemworkbench/plugins/fr.ac6.mcu.externaltools.arm-none.win32_1.15.0.201708311556/tools/compiler/bin/../lib/gcc/arm-none-eabi/6.3.1/thumb/v7-m\libgcc.a(_arm_truncdfsf2.o)
 .ARM.attributes
                0x0000040f       0x1d c:/opt/ac6/systemworkbench/plugins/fr.ac6.mcu.externaltools.arm-none.win32_1.15.0.201708311556/tools/compiler/bin/../lib/gcc/arm-none-eabi/6.3.1/thumb/v7-m\libgcc.a(_arm_addsubsf3.o)
 .ARM.attributes
                0x0000042c       0x1d c:/opt/ac6/systemworkbench/plugins/fr.ac6.mcu.externaltools.arm-none.win32_1.15.0.201708311556/tools/compiler/bin/../lib/gcc/arm-none-eabi/6.3.1/thumb/v7-m\libgcc.a(_arm_muldivsf3.o)
 .ARM.attributes
                0x00000449       0x1d c:/opt/ac6/systemworkbench/plugins/fr.ac6.mcu.externaltools.arm-none.win32_1.15.0.201708311556/tools/compiler/bin/../lib/gcc/arm-none-eabi/6.3.1/thumb/v7-m\libgcc.a(_arm_cmpsf2.o)
 .ARM.attributes
                0x00000466       0x1d c:/opt/ac6/systemworkbench/plugins/fr.ac6.mcu.externaltools.arm-none.win32_1.15.0.201708311556/tools/compiler/bin/../lib/gcc/arm-none-eabi/6.3.1/thumb/v7-m\libgcc.a(_arm_fixsfsi.o)
 .ARM.attributes
                0x00000483       0x2d c:/opt/ac6/systemworkbench/plugins/fr.ac6.mcu.externaltools.arm-none.win32_1.15.0.201708311556/tools/compiler/bin/../lib/gcc/arm-none-eabi/6.3.1/../../../../arm-none-eabi/lib/thumb/v7-m\libc.a(lib_a-errno.o)
 .ARM.attributes
                0x000004b0       0x2d c:/opt/ac6/systemworkbench/plugins/fr.ac6.mcu.externaltools.arm-none.win32_1.15.0.201708311556/tools/compiler/bin/../lib/gcc/arm-none-eabi/6.3.1/../../../../arm-none-eabi/lib/thumb/v7-m\libc.a(lib_a-impure.o)
 .ARM.attributes
                0x000004dd       0x2d c:/opt/ac6/systemworkbench/plugins/fr.ac6.mcu.externaltools.arm-none.win32_1.15.0.201708311556/tools/compiler/bin/../lib/gcc/arm-none-eabi/6.3.1/../../../../arm-none-eabi/lib/thumb/v7-m\libc.a(lib_a-init.o)
 .ARM.attributes
                0x0000050a       0x1b c:/opt/ac6/systemworkbench/plugins/fr.ac6.mcu.externaltools.arm-none.win32_1.15.0.201708311556/tools/compiler/bin/../lib/gcc/arm-none-eabi/6.3.1/../../../../arm-none-eabi/lib/thumb/v7-m\libc.a(lib_a-memcpy.o)
 .ARM.attributes
                0x00000525       0x2d c:/opt/ac6/systemworkbench/plugins/fr.ac6.mcu.externaltools.arm-none.win32_1.15.0.201708311556/tools/compiler/bin/../lib/gcc/arm-none-eabi/6.3.1/../../../../arm-none-eabi/lib/thumb/v7-m\libc.a(lib_a-memset.o)
 .ARM.attributes
                0x00000552       0x2d c:/opt/ac6/systemworkbench/plugins/fr.ac6.mcu.externaltools.arm-none.win32_1.15.0.201708311556/tools/compiler/bin/../lib/gcc/arm-none-eabi/6.3.1/../../../../arm-none-eabi/lib/thumb/v7-m\libc.a(lib_a-printf.o)
 .ARM.attributes
                0x0000057f       0x2d c:/opt/ac6/systemworkbench/plugins/fr.ac6.mcu.externaltools.arm-none.win32_1.15.0.201708311556/tools/compiler/bin/../lib/gcc/arm-none-eabi/6.3.1/../../../../arm-none-eabi/lib/thumb/v7-m\libc.a(lib_a-vfprintf.o)
 .ARM.attributes
                0x000005ac       0x2d c:/opt/ac6/systemworkbench/plugins/fr.ac6.mcu.externaltools.arm-none.win32_1.15.0.201708311556/tools/compiler/bin/../lib/gcc/arm-none-eabi/6.3.1/../../../../arm-none-eabi/lib/thumb/v7-m\libc.a(lib_a-wsetup.o)
 .ARM.attributes
                0x000005d9       0x2d c:/opt/ac6/systemworkbench/plugins/fr.ac6.mcu.externaltools.arm-none.win32_1.15.0.201708311556/tools/compiler/bin/../lib/gcc/arm-none-eabi/6.3.1/../../../../arm-none-eabi/lib/thumb/v7-m\libc.a(lib_a-__call_atexit.o)
 .ARM.attributes
                0x00000606       0x2d c:/opt/ac6/systemworkbench/plugins/fr.ac6.mcu.externaltools.arm-none.win32_1.15.0.201708311556/tools/compiler/bin/../lib/gcc/arm-none-eabi/6.3.1/../../../../arm-none-eabi/lib/thumb/v7-m\libc.a(lib_a-atexit.o)
 .ARM.attributes
                0x00000633       0x2d c:/opt/ac6/systemworkbench/plugins/fr.ac6.mcu.externaltools.arm-none.win32_1.15.0.201708311556/tools/compiler/bin/../lib/gcc/arm-none-eabi/6.3.1/../../../../arm-none-eabi/lib/thumb/v7-m\libc.a(lib_a-dtoa.o)
 .ARM.attributes
                0x00000660       0x2d c:/opt/ac6/systemworkbench/plugins/fr.ac6.mcu.externaltools.arm-none.win32_1.15.0.201708311556/tools/compiler/bin/../lib/gcc/arm-none-eabi/6.3.1/../../../../arm-none-eabi/lib/thumb/v7-m\libc.a(lib_a-fflush.o)
 .ARM.attributes
                0x0000068d       0x2d c:/opt/ac6/systemworkbench/plugins/fr.ac6.mcu.externaltools.arm-none.win32_1.15.0.201708311556/tools/compiler/bin/../lib/gcc/arm-none-eabi/6.3.1/../../../../arm-none-eabi/lib/thumb/v7-m\libc.a(lib_a-findfp.o)
 .ARM.attributes
                0x000006ba       0x2d c:/opt/ac6/systemworkbench/plugins/fr.ac6.mcu.externaltools.arm-none.win32_1.15.0.201708311556/tools/compiler/bin/../lib/gcc/arm-none-eabi/6.3.1/../../../../arm-none-eabi/lib/thumb/v7-m\libc.a(lib_a-fini.o)
 .ARM.attributes
                0x000006e7       0x2d c:/opt/ac6/systemworkbench/plugins/fr.ac6.mcu.externaltools.arm-none.win32_1.15.0.201708311556/tools/compiler/bin/../lib/gcc/arm-none-eabi/6.3.1/../../../../arm-none-eabi/lib/thumb/v7-m\libc.a(lib_a-freer.o)
 .ARM.attributes
                0x00000714       0x2d c:/opt/ac6/systemworkbench/plugins/fr.ac6.mcu.externaltools.arm-none.win32_1.15.0.201708311556/tools/compiler/bin/../lib/gcc/arm-none-eabi/6.3.1/../../../../arm-none-eabi/lib/thumb/v7-m\libc.a(lib_a-fwalk.o)
 .ARM.attributes
                0x00000741       0x2d c:/opt/ac6/systemworkbench/plugins/fr.ac6.mcu.externaltools.arm-none.win32_1.15.0.201708311556/tools/compiler/bin/../lib/gcc/arm-none-eabi/6.3.1/../../../../arm-none-eabi/lib/thumb/v7-m\libc.a(lib_a-localeconv.o)
 .ARM.attributes
                0x0000076e       0x2d c:/opt/ac6/systemworkbench/plugins/fr.ac6.mcu.externaltools.arm-none.win32_1.15.0.201708311556/tools/compiler/bin/../lib/gcc/arm-none-eabi/6.3.1/../../../../arm-none-eabi/lib/thumb/v7-m\libc.a(lib_a-lock.o)
 .ARM.attributes
                0x0000079b       0x2d c:/opt/ac6/systemworkbench/plugins/fr.ac6.mcu.externaltools.arm-none.win32_1.15.0.201708311556/tools/compiler/bin/../lib/gcc/arm-none-eabi/6.3.1/../../../../arm-none-eabi/lib/thumb/v7-m\libc.a(lib_a-makebuf.o)
 .ARM.attributes
                0x000007c8       0x2d c:/opt/ac6/systemworkbench/plugins/fr.ac6.mcu.externaltools.arm-none.win32_1.15.0.201708311556/tools/compiler/bin/../lib/gcc/arm-none-eabi/6.3.1/../../../../arm-none-eabi/lib/thumb/v7-m\libc.a(lib_a-mallocr.o)
 .ARM.attributes
                0x000007f5       0x2d c:/opt/ac6/systemworkbench/plugins/fr.ac6.mcu.externaltools.arm-none.win32_1.15.0.201708311556/tools/compiler/bin/../lib/gcc/arm-none-eabi/6.3.1/../../../../arm-none-eabi/lib/thumb/v7-m\libc.a(lib_a-memchr-stub.o)
 .ARM.attributes
                0x00000822       0x2d c:/opt/ac6/systemworkbench/plugins/fr.ac6.mcu.externaltools.arm-none.win32_1.15.0.201708311556/tools/compiler/bin/../lib/gcc/arm-none-eabi/6.3.1/../../../../arm-none-eabi/lib/thumb/v7-m\libc.a(lib_a-mlock.o)
 .ARM.attributes
                0x0000084f       0x2d c:/opt/ac6/systemworkbench/plugins/fr.ac6.mcu.externaltools.arm-none.win32_1.15.0.201708311556/tools/compiler/bin/../lib/gcc/arm-none-eabi/6.3.1/../../../../arm-none-eabi/lib/thumb/v7-m\libc.a(lib_a-mprec.o)
 .ARM.attributes
                0x0000087c       0x2d c:/opt/ac6/systemworkbench/plugins/fr.ac6.mcu.externaltools.arm-none.win32_1.15.0.201708311556/tools/compiler/bin/../lib/gcc/arm-none-eabi/6.3.1/../../../../arm-none-eabi/lib/thumb/v7-m\libc.a(lib_a-sbrkr.o)
 .ARM.attributes
                0x000008a9       0x2d c:/opt/ac6/systemworkbench/plugins/fr.ac6.mcu.externaltools.arm-none.win32_1.15.0.201708311556/tools/compiler/bin/../lib/gcc/arm-none-eabi/6.3.1/../../../../arm-none-eabi/lib/thumb/v7-m\libc.a(lib_a-stdio.o)
 .ARM.attributes
                0x000008d6       0x2d c:/opt/ac6/systemworkbench/plugins/fr.ac6.mcu.externaltools.arm-none.win32_1.15.0.201708311556/tools/compiler/bin/../lib/gcc/arm-none-eabi/6.3.1/../../../../arm-none-eabi/lib/thumb/v7-m\libc.a(lib_a-strlen-stub.o)
 .ARM.attributes
                0x00000903       0x2d c:/opt/ac6/systemworkbench/plugins/fr.ac6.mcu.externaltools.arm-none.win32_1.15.0.201708311556/tools/compiler/bin/../lib/gcc/arm-none-eabi/6.3.1/../../../../arm-none-eabi/lib/thumb/v7-m\libc.a(lib_a-vfiprintf.o)
 .ARM.attributes
                0x00000930       0x2d c:/opt/ac6/systemworkbench/plugins/fr.ac6.mcu.externaltools.arm-none.win32_1.15.0.201708311556/tools/compiler/bin/../lib/gcc/arm-none-eabi/6.3.1/../../../../arm-none-eabi/lib/thumb/v7-m\libc.a(lib_a-writer.o)
 .ARM.attributes
                0x0000095d       0x2d c:/opt/ac6/systemworkbench/plugins/fr.ac6.mcu.externaltools.arm-none.win32_1.15.0.201708311556/tools/compiler/bin/../lib/gcc/arm-none-eabi/6.3.1/../../../../arm-none-eabi/lib/thumb/v7-m\libc.a(lib_a-__atexit.o)
 .ARM.attributes
                0x0000098a       0x2d c:/opt/ac6/systemworkbench/plugins/fr.ac6.mcu.externaltools.arm-none.win32_1.15.0.201708311556/tools/compiler/bin/../lib/gcc/arm-none-eabi/6.3.1/../../../../arm-none-eabi/lib/thumb/v7-m\libc.a(lib_a-callocr.o)
 .ARM.attributes
                0x000009b7       0x2d c:/opt/ac6/systemworkbench/plugins/fr.ac6.mcu.externaltools.arm-none.win32_1.15.0.201708311556/tools/compiler/bin/../lib/gcc/arm-none-eabi/6.3.1/../../../../arm-none-eabi/lib/thumb/v7-m\libc.a(lib_a-closer.o)
 .ARM.attributes
                0x000009e4       0x2d c:/opt/ac6/systemworkbench/plugins/fr.ac6.mcu.externaltools.arm-none.win32_1.15.0.201708311556/tools/compiler/bin/../lib/gcc/arm-none-eabi/6.3.1/../../../../arm-none-eabi/lib/thumb/v7-m\libc.a(lib_a-fclose.o)
 .ARM.attributes
                0x00000a11       0x2d c:/opt/ac6/systemworkbench/plugins/fr.ac6.mcu.externaltools.arm-none.win32_1.15.0.201708311556/tools/compiler/bin/../lib/gcc/arm-none-eabi/6.3.1/../../../../arm-none-eabi/lib/thumb/v7-m\libc.a(lib_a-fputwc.o)
 .ARM.attributes
                0x00000a3e       0x2d c:/opt/ac6/systemworkbench/plugins/fr.ac6.mcu.externaltools.arm-none.win32_1.15.0.201708311556/tools/compiler/bin/../lib/gcc/arm-none-eabi/6.3.1/../../../../arm-none-eabi/lib/thumb/v7-m\libc.a(lib_a-fstatr.o)
 .ARM.attributes
                0x00000a6b       0x2d c:/opt/ac6/systemworkbench/plugins/fr.ac6.mcu.externaltools.arm-none.win32_1.15.0.201708311556/tools/compiler/bin/../lib/gcc/arm-none-eabi/6.3.1/../../../../arm-none-eabi/lib/thumb/v7-m\libc.a(lib_a-fvwrite.o)
 .ARM.attributes
                0x00000a98       0x2d c:/opt/ac6/systemworkbench/plugins/fr.ac6.mcu.externaltools.arm-none.win32_1.15.0.201708311556/tools/compiler/bin/../lib/gcc/arm-none-eabi/6.3.1/../../../../arm-none-eabi/lib/thumb/v7-m\libc.a(lib_a-isattyr.o)
 .ARM.attributes
                0x00000ac5       0x2d c:/opt/ac6/systemworkbench/plugins/fr.ac6.mcu.externaltools.arm-none.win32_1.15.0.201708311556/tools/compiler/bin/../lib/gcc/arm-none-eabi/6.3.1/../../../../arm-none-eabi/lib/thumb/v7-m\libc.a(lib_a-locale.o)
 .ARM.attributes
                0x00000af2       0x2d c:/opt/ac6/systemworkbench/plugins/fr.ac6.mcu.externaltools.arm-none.win32_1.15.0.201708311556/tools/compiler/bin/../lib/gcc/arm-none-eabi/6.3.1/../../../../arm-none-eabi/lib/thumb/v7-m\libc.a(lib_a-lseekr.o)
 .ARM.attributes
                0x00000b1f       0x2d c:/opt/ac6/systemworkbench/plugins/fr.ac6.mcu.externaltools.arm-none.win32_1.15.0.201708311556/tools/compiler/bin/../lib/gcc/arm-none-eabi/6.3.1/../../../../arm-none-eabi/lib/thumb/v7-m\libc.a(lib_a-mbtowc_r.o)
 .ARM.attributes
                0x00000b4c       0x2d c:/opt/ac6/systemworkbench/plugins/fr.ac6.mcu.externaltools.arm-none.win32_1.15.0.201708311556/tools/compiler/bin/../lib/gcc/arm-none-eabi/6.3.1/../../../../arm-none-eabi/lib/thumb/v7-m\libc.a(lib_a-memmove.o)
 .ARM.attributes
                0x00000b79       0x2d c:/opt/ac6/systemworkbench/plugins/fr.ac6.mcu.externaltools.arm-none.win32_1.15.0.201708311556/tools/compiler/bin/../lib/gcc/arm-none-eabi/6.3.1/../../../../arm-none-eabi/lib/thumb/v7-m\libc.a(lib_a-readr.o)
 .ARM.attributes
                0x00000ba6       0x2d c:/opt/ac6/systemworkbench/plugins/fr.ac6.mcu.externaltools.arm-none.win32_1.15.0.201708311556/tools/compiler/bin/../lib/gcc/arm-none-eabi/6.3.1/../../../../arm-none-eabi/lib/thumb/v7-m\libc.a(lib_a-reallocr.o)
 .ARM.attributes
                0x00000bd3       0x2d c:/opt/ac6/systemworkbench/plugins/fr.ac6.mcu.externaltools.arm-none.win32_1.15.0.201708311556/tools/compiler/bin/../lib/gcc/arm-none-eabi/6.3.1/../../../../arm-none-eabi/lib/thumb/v7-m\libc.a(lib_a-reent.o)
 .ARM.attributes
                0x00000c00       0x2d c:/opt/ac6/systemworkbench/plugins/fr.ac6.mcu.externaltools.arm-none.win32_1.15.0.201708311556/tools/compiler/bin/../lib/gcc/arm-none-eabi/6.3.1/../../../../arm-none-eabi/lib/thumb/v7-m\libc.a(lib_a-wbuf.o)
 .ARM.attributes
                0x00000c2d       0x2d c:/opt/ac6/systemworkbench/plugins/fr.ac6.mcu.externaltools.arm-none.win32_1.15.0.201708311556/tools/compiler/bin/../lib/gcc/arm-none-eabi/6.3.1/../../../../arm-none-eabi/lib/thumb/v7-m\libc.a(lib_a-wcrtomb.o)
 .ARM.attributes
                0x00000c5a       0x2d c:/opt/ac6/systemworkbench/plugins/fr.ac6.mcu.externaltools.arm-none.win32_1.15.0.201708311556/tools/compiler/bin/../lib/gcc/arm-none-eabi/6.3.1/../../../../arm-none-eabi/lib/thumb/v7-m\libc.a(lib_a-wctomb_r.o)
 .ARM.attributes
                0x00000c87       0x2d c:/opt/ac6/systemworkbench/plugins/fr.ac6.mcu.externaltools.arm-none.win32_1.15.0.201708311556/tools/compiler/bin/../lib/gcc/arm-none-eabi/6.3.1/../../../../arm-none-eabi/lib/thumb/v7-m\libc.a(lib_a-ctype_.o)
 .ARM.attributes
                0x00000cb4       0x1d c:/opt/ac6/systemworkbench/plugins/fr.ac6.mcu.externaltools.arm-none.win32_1.15.0.201708311556/tools/compiler/bin/../lib/gcc/arm-none-eabi/6.3.1/thumb/v7-m\libgcc.a(_arm_cmpdf2.o)
 .ARM.attributes
                0x00000cd1       0x1d c:/opt/ac6/systemworkbench/plugins/fr.ac6.mcu.externaltools.arm-none.win32_1.15.0.201708311556/tools/compiler/bin/../lib/gcc/arm-none-eabi/6.3.1/thumb/v7-m\libgcc.a(_arm_unorddf2.o)
 .ARM.attributes
                0x00000cee       0x1d c:/opt/ac6/systemworkbench/plugins/fr.ac6.mcu.externaltools.arm-none.win32_1.15.0.201708311556/tools/compiler/bin/../lib/gcc/arm-none-eabi/6.3.1/thumb/v7-m\libgcc.a(_aeabi_uldivmod.o)
 .ARM.attributes
                0x00000d0b       0x2d c:/opt/ac6/systemworkbench/plugins/fr.ac6.mcu.externaltools.arm-none.win32_1.15.0.201708311556/tools/compiler/bin/../lib/gcc/arm-none-eabi/6.3.1/thumb/v7-m\libgcc.a(_udivmoddi4.o)
 .ARM.attributes
                0x00000d38       0x1d c:/opt/ac6/systemworkbench/plugins/fr.ac6.mcu.externaltools.arm-none.win32_1.15.0.201708311556/tools/compiler/bin/../lib/gcc/arm-none-eabi/6.3.1/thumb/v7-m\libgcc.a(_dvmd_tls.o)
 .ARM.attributes
                0x00000d55       0x1d c:/opt/ac6/systemworkbench/plugins/fr.ac6.mcu.externaltools.arm-none.win32_1.15.0.201708311556/tools/compiler/bin/../lib/gcc/arm-none-eabi/6.3.1/thumb/v7-m/crtn.o
OUTPUT(Q15_SMARTSENSOR_F103ZET6_AC6.elf elf32-littlearm)

.debug_info     0x00000000     0xd295
 .debug_info    0x00000000      0x4ed StdPeriph_Driver/src/misc.o
 .debug_info    0x000004ed      0xb75 StdPeriph_Driver/src/stm32f10x_adc.o
 .debug_info    0x00001062      0x7b6 StdPeriph_Driver/src/stm32f10x_flash.o
 .debug_info    0x00001818      0x6ef StdPeriph_Driver/src/stm32f10x_gpio.o
 .debug_info    0x00001f07      0x8a0 StdPeriph_Driver/src/stm32f10x_rcc.o
 .debug_info    0x000027a7     0x1c59 StdPeriph_Driver/src/stm32f10x_tim.o
 .debug_info    0x00004400      0x9e9 StdPeriph_Driver/src/stm32f10x_usart.o
 .debug_info    0x00004de9     0x1034 src/adc.o
 .debug_info    0x00005e1d      0x1e3 src/delay.o
 .debug_info    0x00006000     0x1175 src/dht11.o
 .debug_info    0x00007175      0xfda src/ds18b20.o
 .debug_info    0x0000814f     0x1c99 src/main.o
 .debug_info    0x00009de8      0xf2a src/syscalls.o
 .debug_info    0x0000ad12      0x456 src/system_stm32f10x.o
 .debug_info    0x0000b168      0xf1b src/timer.o
 .debug_info    0x0000c083     0x119f src/uart.o
 .debug_info    0x0000d222       0x73 startup/startup_stm32.o

.debug_abbrev   0x00000000     0x20e4
 .debug_abbrev  0x00000000      0x184 StdPeriph_Driver/src/misc.o
 .debug_abbrev  0x00000184      0x1ae StdPeriph_Driver/src/stm32f10x_adc.o
 .debug_abbrev  0x00000332      0x1a3 StdPeriph_Driver/src/stm32f10x_flash.o
 .debug_abbrev  0x000004d5      0x1e0 StdPeriph_Driver/src/stm32f10x_gpio.o
 .debug_abbrev  0x000006b5      0x1d2 StdPeriph_Driver/src/stm32f10x_rcc.o
 .debug_abbrev  0x00000887      0x1c6 StdPeriph_Driver/src/stm32f10x_tim.o
 .debug_abbrev  0x00000a4d      0x192 StdPeriph_Driver/src/stm32f10x_usart.o
 .debug_abbrev  0x00000bdf      0x273 src/adc.o
 .debug_abbrev  0x00000e52       0xff src/delay.o
 .debug_abbrev  0x00000f51      0x255 src/dht11.o
 .debug_abbrev  0x000011a6      0x2a7 src/ds18b20.o
 .debug_abbrev  0x0000144d      0x322 src/main.o
 .debug_abbrev  0x0000176f      0x2aa src/syscalls.o
 .debug_abbrev  0x00001a19      0x19c src/system_stm32f10x.o
 .debug_abbrev  0x00001bb5      0x289 src/timer.o
 .debug_abbrev  0x00001e3e      0x294 src/uart.o
 .debug_abbrev  0x000020d2       0x12 startup/startup_stm32.o

.debug_aranges  0x00000000      0xbf0
 .debug_aranges
                0x00000000       0x40 StdPeriph_Driver/src/misc.o
 .debug_aranges
                0x00000040      0x138 StdPeriph_Driver/src/stm32f10x_adc.o
 .debug_aranges
                0x00000178       0xf8 StdPeriph_Driver/src/stm32f10x_flash.o
 .debug_aranges
                0x00000270       0xa8 StdPeriph_Driver/src/stm32f10x_gpio.o
 .debug_aranges
                0x00000318      0x118 StdPeriph_Driver/src/stm32f10x_rcc.o
 .debug_aranges
                0x00000430      0x2f0 StdPeriph_Driver/src/stm32f10x_tim.o
 .debug_aranges
                0x00000720      0x100 StdPeriph_Driver/src/stm32f10x_usart.o
 .debug_aranges
                0x00000820       0x48 src/adc.o
 .debug_aranges
                0x00000868       0x30 src/delay.o
 .debug_aranges
                0x00000898       0x78 src/dht11.o
 .debug_aranges
                0x00000910       0x90 src/ds18b20.o
 .debug_aranges
                0x000009a0       0x90 src/main.o
 .debug_aranges
                0x00000a30       0xb0 src/syscalls.o
 .debug_aranges
                0x00000ae0       0x38 src/system_stm32f10x.o
 .debug_aranges
                0x00000b18       0x60 src/timer.o
 .debug_aranges
                0x00000b78       0x50 src/uart.o
 .debug_aranges
                0x00000bc8       0x28 startup/startup_stm32.o

.debug_ranges   0x00000000      0xae8
 .debug_ranges  0x00000000       0x30 StdPeriph_Driver/src/misc.o
 .debug_ranges  0x00000030      0x128 StdPeriph_Driver/src/stm32f10x_adc.o
 .debug_ranges  0x00000158       0xe8 StdPeriph_Driver/src/stm32f10x_flash.o
 .debug_ranges  0x00000240       0x98 StdPeriph_Driver/src/stm32f10x_gpio.o
 .debug_ranges  0x000002d8      0x108 StdPeriph_Driver/src/stm32f10x_rcc.o
 .debug_ranges  0x000003e0      0x2e0 StdPeriph_Driver/src/stm32f10x_tim.o
 .debug_ranges  0x000006c0       0xf0 StdPeriph_Driver/src/stm32f10x_usart.o
 .debug_ranges  0x000007b0       0x38 src/adc.o
 .debug_ranges  0x000007e8       0x20 src/delay.o
 .debug_ranges  0x00000808       0x68 src/dht11.o
 .debug_ranges  0x00000870       0x80 src/ds18b20.o
 .debug_ranges  0x000008f0       0x80 src/main.o
 .debug_ranges  0x00000970       0xa0 src/syscalls.o
 .debug_ranges  0x00000a10       0x28 src/system_stm32f10x.o
 .debug_ranges  0x00000a38       0x50 src/timer.o
 .debug_ranges  0x00000a88       0x40 src/uart.o
 .debug_ranges  0x00000ac8       0x20 startup/startup_stm32.o

.debug_macro    0x00000000    0x10a87
 .debug_macro   0x00000000      0x18b StdPeriph_Driver/src/misc.o
 .debug_macro   0x0000018b       0x56 StdPeriph_Driver/src/misc.o